________________________________________________________________________________
SRDEL: 96.00 % (over 100 tasks)
SRDT: 24.63 % (over 203 models)
Total data models (considering only correctly loaded tasks): 194
Total correct data models: 50
Total matched columns: 1572
Total unmatched columns: 630
Databases where ALL tables are perfect: 15
  - app_store (1 table(s))
  - authors (1 table(s))
  - beer_factory (2 table(s))
  - computer_student (1 table(s))
  - food_inspection (1 table(s))
  - human_resources (2 table(s))
  - ice_hockey_draft (1 table(s))
  - instagram_business (1 table(s))
  - law_episode (2 table(s))
  - menu (1 table(s))
  - music_platform_2 (2 table(s))
  - pinterest (4 table(s))
  - shakespeare (1 table(s))
  - simpson_episodes (1 table(s))
  - video_games (1 table(s))
________________________________________________________________________________

