Success: address schema and tables verified. Success tables: ['CBSA', 'alias', 'area_code', 'avoid', 'congress', 'country', 'state', 'zip_congress', 'zip_data']
Success: airline schema and tables verified. Success tables: ['Air_Carriers', 'airlines', 'Airports']
Success: amplitude schema and tables verified. Success tables: ['event', 'event_type']
Success: app_store schema and tables verified. Success tables: ['playstore', 'user_reviews']
Success: apple_store schema and tables verified. Success tables: ['app', 'app_store_device', 'app_store_platform_version', 'app_store_territory', 'crashes_app_version', 'crashes_platform_version', 'downloads_device', 'downloads_platform_version', 'downloads_territory', 'sales_account', 'sales_subscription_events', 'sales_subscription_summary', 'usage_app_version', 'usage_device', 'usage_platform_version', 'usage_territory']
Success: asana schema and tables verified. Success tables: ['project', 'project_task', 'section', 'story', 'tag', 'task', 'task_follower', 'task_section', 'task_tag', 'team', 'user']
Success: authors schema and tables verified. Success tables: ['Author', 'Journal', 'paper', 'PaperAuthor', 'Conference']
Success: beer_factory schema and tables verified. Success tables: ['customers', 'geolocation', 'location', 'rootbeer', 'rootbeerbrand', 'rootbeerreview', 'transaction']
Success: bike_share_1 schema and tables verified. Success tables: ['station', 'status', 'trip', 'weather']
Success: book_publishing_company schema and tables verified. Success tables: ['authors', 'discounts', 'employee', 'pub_info', 'publishers', 'roysched', 'sales', 'stores', 'titles', 'jobs', 'titleauthor']
Success: books schema and tables verified. Success tables: ['address', 'address_status', 'author', 'book', 'book_author', 'book_language', 'country', 'cust_order', 'customer', 'customer_address', 'order_history', 'order_line', 'order_status', 'publisher', 'shipping_method']
Success: california_schools schema and tables verified. Success tables: ['frpm', 'satscores', 'schools']
Success: car_retails schema and tables verified. Success tables: ['customers', 'employees', 'offices', 'orderdetails', 'orders', 'payments', 'productlines', 'products']
Success: card_games schema and tables verified. Success tables: ['cards', 'foreign_data', 'legalities', 'rulings', 'set_translations', 'card_sets']
Success: cars schema and tables verified. Success tables: ['country', 'data', 'price', 'production']
Success: chicago_crime schema and tables verified. Success tables: ['Community_Area', 'crime', 'District', 'FBI_Code', 'iucr', 'Neighborhood', 'Ward']
Success: citeseer schema and tables verified. Success tables: ['cites', 'content', 'paper']
Success: codebase_comments schema and tables verified. Success tables: ['Method', 'method_parameter', 'Repo', 'solution']
Success: codebase_community schema and tables verified. Success tables: ['badges', 'comments', 'postHistory', 'postlinks', 'posts', 'tags', 'users', 'votes']
Success: coinmarketcap schema and tables verified. Success tables: ['coins', 'historical']
Success: college_completion schema and tables verified. Success tables: ['institution_details', 'institution_grads']
Success: computer_student schema and tables verified. Success tables: ['advisedBy', 'course', 'person', 'taught_by']
Success: cookbook schema and tables verified. Success tables: ['Ingredient', 'Nutrition', 'quantity', 'Recipe']
Success: cs_semester schema and tables verified. Success tables: ['RA', 'course', 'prof', 'registration', 'student']
Success: debit_card_specializing schema and tables verified. Success tables: ['customers', 'gasstations', 'products', 'transactions_1k', 'yearmonth']
Success: disney schema and tables verified. Success tables: ['characters', 'director', 'movies_total_gross', 'revenue', 'voice_actors']
Success: donor schema and tables verified. Success tables: ['donations', 'essays', 'projects', 'resources']
Success: european_football_1 schema and tables verified. Success tables: ['divisions', 'matchs']
Success: european_football_2 schema and tables verified. Success tables: ['Country', 'League', 'matches', 'Player', 'Player_Attributes', 'Team', 'Team_Attributes']
Success: facebook_ads schema and tables verified. Success tables: ['account_history', 'ad_history', 'ad_set_history', 'basic_ad_action_values', 'basic_ad_actions', 'basic_ad', 'campaign_history', 'creative_history']
Success: financial schema and tables verified. Success tables: ['account', 'card', 'client', 'disp', 'district', 'loan', 'trans', 'orders']
Success: food_inspection schema and tables verified. Success tables: ['businesses', 'inspections', 'violations']
Success: food_inspection_2 schema and tables verified. Success tables: ['employee', 'establishment', 'inspection', 'inspection_point', 'violation']
Success: formula_1 schema and tables verified. Success tables: ['circuits', 'constructors', 'driverStandings', 'drivers', 'lap_times', 'pitStops', 'qualifying', 'races', 'results', 'seasons', 'status', 'constructor_results', 'constructor_standings']
Success: genes schema and tables verified. Success tables: ['Classification', 'Genes', 'interactions']
Success: github schema and tables verified. Success tables: ['issue', 'issue_assignee', 'issue_closed_history', 'issue_comment', 'issue_label', 'issue_merged', 'label', 'pull_request', 'pull_request_review', 'repo_team', 'repository', 'requested_reviewer_history', 'team', 'users']
Success: hockey schema and tables verified. Success tables: ['AwardsCoaches', 'AwardsMisc', 'AwardsPlayers', 'Coaches', 'CombinedShutouts', 'Goalies', 'GoaliesSC', 'goalies_shootout', 'HOF', 'master', 'scoring', 'ScoringSC', 'ScoringShootout', 'ScoringSup', 'SeriesPost', 'TeamSplits', 'TeamVsTeam', 'Teams', 'team_half', 'TeamsPost', 'TeamsSC', 'abbrev']
Success: human_resources schema and tables verified. Success tables: ['employee', 'location', 'position']
Success: ice_hockey_draft schema and tables verified. Success tables: ['PlayerInfo', 'SeasonStatus', 'height_info', 'weight_info']
Success: image_and_language schema and tables verified. Success tables: ['ATT_CLASSES', 'img_obj', 'IMG_OBJ_ATT', 'img_rel', 'OBJ_CLASSES', 'PRED_CLASSES']
Success: instagram_business schema and tables verified. Success tables: ['media_history', 'media_insights', 'user_history']
Success: language_corpus schema and tables verified. Success tables: ['biwords', 'langs', 'langs_words', 'pages', 'pages_words', 'words']
Success: law_episode schema and tables verified. Success tables: ['Award', 'credit', 'Episode', 'Keyword', 'Person', 'Vote']
Success: legislator schema and tables verified. Success tables: ['legislator_current', 'current_terms', 'historical', 'historical_terms', 'social_media']
Error: lever Successful table: []  Not_found_table: ['application', 'archive_reason', 'contact_email', 'contact_link', 'contact_phone', 'feedback_form_field', 'feedback_form', 'interview_feedback', 'interview_user', 'interview', 'interviewer_user', 'offer', 'opportunity_source', 'opportunity_stage_history', 'opportunity_tag', 'opportunity', 'posting_interview', 'posting_tag', 'posting', 'requisition_offer', 'requisition_posting', 'requisition', 'resume', 'stage', 'user'], Incorrect_size_tables: []
Success: linkedin schema and tables verified. Success tables: ['linkedin_account_history', 'ad_analytics_by_campaign', 'ad_analytics_by_creative', 'campaign_group_history', 'campaign_history', 'creative_history']
Success: mailchimp schema and tables verified. Success tables: ['automation', 'automation_email', 'automation_recipient', 'automation_recipient_activity', 'campaign', 'campaign_recipient', 'campaign_recipient_activity', 'list', 'member', 'segment', 'segment_member', 'unsubscribe']
Success: marketo schema and tables verified. Success tables: ['activity_click_email', 'activity_delete_lead', 'activity_email_bounced', 'activity_email_delivered', 'activity_merge_leads', 'activity_open_email', 'activity_send_email', 'activity_unsubscribe_email', 'email_template_history', 'lead', 'lead_describe', 'program', 'activity_change_data_value', 'marketo_campaign']
Success: mental_health_survey schema and tables verified. Success tables: ['Answer', 'Question', 'Survey']
Success: menu schema and tables verified. Success tables: ['Dish', 'Menu', 'menuitem', 'MenuPage']
Success: microsoft_ads schema and tables verified. Success tables: ['account_history', 'account_performance_daily_report', 'ad_group_history', 'ad_group_performance_daily_report', 'ad_history', 'ad_performance_daily_report', 'campaign_history', 'campaign_performance_daily_report', 'keyword_history', 'keyword_performance_daily_report', 'search_performance_daily_report']
Success: mondial_geo schema and tables verified. Success tables: ['borders', 'city', 'continent', 'country', 'desert', 'economy', 'encompasses', 'ethnicGroup', 'geo_desert', 'geo_estuary', 'geo_island', 'geo_lake', 'geo_mountain', 'geo_river', 'geo_sea', 'geo_source', 'island', 'islandIn', 'lake', 'language', 'located', 'mergesWith', 'mountainOnIsland', 'organization', 'politics', 'population', 'province', 'religion', 'river', 'sea', 'target', 'is_member', 'located_on']
Success: movie schema and tables verified. Success tables: ['actor', 'characters', 'movies']
Success: movie_3 schema and tables verified. Success tables: ['actor', 'address', 'category', 'movie_city', 'country', 'customer', 'film', 'film_actor', 'film_category', 'film_text', 'inventory', 'language', 'payment', 'rental', 'staff', 'store']
Success: movie_platform schema and tables verified. Success tables: ['lists', 'lists_users', 'movies', 'ratings', 'ratings_users']
Success: movielens schema and tables verified. Success tables: ['actors', 'directors', 'movies', 'movies2actors', 'movies2directors', 'u2base', 'users']
Success: movies_4 schema and tables verified. Success tables: ['country', 'department', 'gender', 'genre', 'keyword', 'language', 'language_role', 'movie', 'movie_cast', 'movie_company', 'movie_crew', 'movie_genres', 'movie_keywords', 'movie_languages', 'person', 'production_company', 'production_country']
Success: music_platform_2 schema and tables verified. Success tables: ['categories', 'podcasts', 'reviews', 'runs']
Success: music_tracker schema and tables verified. Success tables: ['tags', 'torrents']
Success: olympics schema and tables verified. Success tables: ['city', 'competitor_event', 'event', 'games', 'games_city', 'games_competitor', 'medal', 'noc_region', 'person', 'person_region', 'sport']
Success: pardot schema and tables verified. Success tables: ['campaign', 'list', 'list_membership', 'opportunity', 'opportunity_prospect', 'prospect', 'visitor', 'visitor_activity']
Success: pinterest schema and tables verified. Success tables: ['ad_group_history', 'ad_group_report', 'advertiser_history', 'advertiser_report', 'campaign_history', 'campaign_report', 'keyword_history', 'keyword_report', 'pin_promotion_history', 'pin_promotion_report']
Success: professional_basketball schema and tables verified. Success tables: ['awards_coaches', 'awards_players', 'coaches', 'draft', 'player_allstar', 'players', 'players_teams', 'series_post', 'teams']
Error: public_review_platform Successful table: []  Not_found_table: ['Attributes', 'Business', 'Business_Attributes', 'business_categories', 'Business_Hours', 'Categories', 'Checkins', 'Compliments', 'Days', 'elite', 'Reviews', 'tips', 'Users', 'Users_Compliments', 'Years'], Incorrect_size_tables: []
Success: qualtrics schema and tables verified. Success tables: ['block_question', 'block', 'contact_mailing_list_membership', 'core_contact', 'core_mailing_list', 'directory_contact', 'directory_mailing_list', 'directory', 'distribution_contact', 'distribution', 'question_option', 'question_response', 'question', 'sub_question', 'survey_embedded', 'survey_response', 'survey_version', 'survey', 'user']
Success: recurly schema and tables verified. Success tables: ['account', 'account_balance', 'account_note', 'billing_info', 'coupon_discount', 'coupon_redemption', 'credit_payment', 'invoice', 'invoice_coupon_redemption', 'invoice_subscription', 'line_item', 'plan', 'plan_currency', 'recurly_subscription', 'subscription_add_on', 'subscription_change', 'transaction', 'transaction_subscription']
Success: regional_sales schema and tables verified. Success tables: ['Customers', 'Products', 'Regions', 'sales_orders', 'Sales_Team', 'Store_Locations']
Success: restaurant schema and tables verified. Success tables: ['generalinfo', 'geographic', 'location']
Success: retail_complains schema and tables verified. Success tables: ['callcenterlogs', 'client', 'district', 'events', 'retail_complains_reviews', 'state']
Success: retail_world schema and tables verified. Success tables: ['Categories', 'Customers', 'Employees', 'orders', 'retail_world_products', 'Shippers', 'Suppliers', 'order_details']
Success: retails schema and tables verified. Success tables: ['customer', 'lineitem', 'nation', 'orders', 'part', 'partsupp', 'region', 'supplier']
Success: sales schema and tables verified. Success tables: ['Customers', 'Employees', 'sales_products', 'sale']
Success: sales_in_weather schema and tables verified. Success tables: ['relation', 'sales', 'sale_weather']
Success: shakespeare schema and tables verified. Success tables: ['chapters', 'characters', 'paragraphs', 'works']
Success: shipping schema and tables verified. Success tables: ['city', 'customer', 'driver', 'shipment', 'truck']
Success: simpson_episodes schema and tables verified. Success tables: ['Award', 'Character_Award', 'credit', 'Episode', 'Keyword', 'Person', 'vote']
Success: soccer_2016 schema and tables verified. Success tables: ['ball_by_ball', 'Batsman_Scored', 'Batting_Style', 'Bowling_Style', 'City', 'Country', 'extra_runs', 'Extra_Type', 'Match', 'Out_Type', 'Outcome', 'Player', 'Player_Match', 'Rolee', 'Season', 'Team', 'Toss_Decision', 'Umpire', 'Venue', 'wicket_taken', 'Win_By']
Success: social_media schema and tables verified. Success tables: ['location', 'twitter', 'users']
Success: software_company schema and tables verified. Success tables: ['Customers', 'Demog', 'sales', 'mailings']
Success: student_club schema and tables verified. Success tables: ['attendance', 'budget', 'club_event', 'expense', 'income', 'major', 'member', 'zip_code']
Success: student_loan schema and tables verified. Success tables: ['bool', 'disabled', 'enlist', 'enrolled', 'filed_for_bankruptcy', 'longest_absense_from_school', 'male', 'no_payment_due', 'person', 'unemployed']
Success: superhero schema and tables verified. Success tables: ['alignment', 'attribute', 'colour', 'gender', 'hero_attribute', 'hero_power', 'publisher', 'race', 'superhero', 'superpower']
Success: superstore schema and tables verified. Success tables: ['central_superstore', 'east_superstore', 'people', 'product', 'south_superstore', 'west_superstore']
Success: synthea schema and tables verified. Success tables: ['all_prevalences', 'allergies', 'careplans', 'claims', 'conditions', 'encounters', 'immunizations', 'medications', 'observations', 'patients', 'procedures']
Success: talkingdata schema and tables verified. Success tables: ['app_all', 'app_events', 'app_events_relevant', 'app_labels', 'events', 'events_relevant', 'gender_age', 'gender_age_test', 'gender_age_train', 'label_categories', 'phone_brand_device_model2', 'sample_submission']
Success: thrombosis_prediction schema and tables verified. Success tables: ['Examination', 'laboratory', 'Patient']
Success: tiktok_ads schema and tables verified. Success tables: ['tiktok_ad_history', 'tiktok_ad_report_hourly', 'tiktok_adgroup_history', 'tiktok_adgroup_report_hourly', 'tiktok_advertiser', 'tiktok_campaign_history', 'tiktok_campaign_report_hourly']
Success: toxicology schema and tables verified. Success tables: ['atom', 'bond', 'connected', 'molecule']
Success: trains schema and tables verified. Success tables: ['cars', 'train']
Success: twilio schema and tables verified. Success tables: ['account_history', 'address', 'call', 'incoming_phone_number', 'message', 'messaging_service', 'outgoing_caller_id', 'usage_record']
Success: twitter_organic schema and tables verified. Success tables: ['account_history', 'organic_tweet_report', 'tweet', 'twitter_user_history']
Success: university schema and tables verified. Success tables: ['country', 'ranking_criteria', 'ranking_system', 'university', 'university_ranking_year', 'university_year']
Success: video_games schema and tables verified. Success tables: ['game', 'game_platform', 'game_publisher', 'genre', 'platform', 'vg_publisher', 'region', 'region_sales']
Success: workday schema and tables verified. Success tables: ['job_family_group', 'job_family_job_family_group', 'job_family_job_profile', 'job_family', 'job_profile', 'military_service', 'organization_job_family', 'organization_role_worker', 'organization_role', 'organization', 'person_contact_email_address', 'person_name', 'personal_information_ethnicity', 'personal_information_history', 'position_job_profile', 'position_organization', 'position', 'worker_history', 'worker_leave_status', 'worker_position_history', 'worker_position_organization_history']
Success: works_cycles schema and tables verified. Success tables: ['Address', 'AddressType', 'BusinessEntity', 'BusinessEntityAddress', 'BusinessEntityContact', 'ContactType', 'CountryRegion', 'CountryRegionCurrency', 'Culture', 'Currency', 'CurrencyRate', 'Department', 'Document', 'Employee', 'EmployeeDepartmentHistory', 'EmployeePayHistory', 'JobCandidate', 'Location', 'password', 'Person', 'PhoneNumberType', 'Product', 'ProductCategory', 'ProductDescription', 'ProductDocument', 'ProductModel', 'ProductPhoto', 'ProductProductPhoto', 'ProductReview', 'ProductSubcategory', 'SalesOrderDetail', 'SalesOrderHeader', 'SalesOrderHeaderSalesReason', 'SalesPerson', 'SalesReason', 'SalesTaxRate', 'SalesTerritory', 'SalesTerritoryHistory', 'ScrapReason', 'Shift', 'ShipMethod', 'ShoppingCartItem', 'SpecialOffer', 'SpecialOfferProduct', 'StateProvince', 'Store', 'TransactionHistoryArchive', 'UnitMeasure', 'Vendor', 'WorkOrder', 'WorkOrderRouting', 'bill_of_materials', 'credit_card', 'email_address', 'person_credit_card', 'product_cost_history', 'product_inventory', 'product_list_price_history', 'product_model_product_description_culture', 'product_vendor', 'purchase_order_detail', 'purchase_order_header', 'sales_person_quota_history', 'transaction_history']
Success: world schema and tables verified. Success tables: ['City', 'country', 'CountryLanguage']
Success: world_development_indicators schema and tables verified. Success tables: ['Country', 'CountryNotes', 'Footnotes', 'indicators', 'Series', 'SeriesNotes']
Success: xero schema and tables verified. Success tables: ['account', 'bank_transaction', 'contact', 'credit_note', 'invoice', 'invoice_line_item', 'journal', 'journal_line', 'organization']
Success: youtube_analytics schema and tables verified. Success tables: ['channel_basic', 'channel_demographics', 'video']
Success: zuora schema and tables verified. Success tables: ['account', 'amendment', 'contact', 'credit_balance_adjustment', 'invoice_item', 'invoice_payment', 'invoice', 'orders', 'payment_method', 'payment', 'product_rate_plan_charge', 'product_rate_plan', 'product', 'rate_plan_charge', 'rate_plan', 'refund_invoice_payment', 'refund', 'subscription', 'taxation_item']
