________________________________________________________________________________
SRDEL: 98.00 % (over 100 tasks)
SRDT: 32.51 % (over 203 models)
Total data models (considering only correctly loaded tasks): 199
Total correct data models: 66
Total matched columns: 1986
Total unmatched columns: 411
Databases where ALL tables are perfect: 15
  - app_store (1 table(s))
  - authors (1 table(s))
  - beer_factory (2 table(s))
  - bike_share_1 (1 table(s))
  - california_schools (1 table(s))
  - computer_student (1 table(s))
  - food_inspection (1 table(s))
  - human_resources (2 table(s))
  - ice_hockey_draft (1 table(s))
  - music_tracker (1 table(s))
  - pinterest (4 table(s))
  - simpson_episodes (1 table(s))
  - social_media (1 table(s))
  - toxicology (1 table(s))
  - video_games (1 table(s))
________________________________________________________________________________

