Database: address
Table: states
Matched columns: ['ABBREVIATION', 'NAME', 'NUM_ASIAN', 'NUM_COUNTIES']
Unmatched columns: ['COUNTY_WITH_HIGHEST_AVERAGE_INCOME_PER_HOUSEHOLD', 'HIGHER_AVG_FEMALE_PER', 'GREATER_THAN_50_CBSA_METRO']
Missed: []


Database: airline
Table: airline__airports
Matched columns: ['AIRPORT_NAME', 'NUM_FLIGHTS_DEPARTURE', 'AIRLINE_FLEW_MOST_FLIGHTS', 'NUM_FLIGHTS_LANDED_IN_2018', 'HIGHEST_DELAY_IN_MINUTES_DUE_TO_SECURITY', 'NUM_CANCELLED_FLIGHTS']
Unmatched columns: ['AIRPORT_CODE']
Missed: []


Table: airline__airlines
Matched columns: ['AIRLINE_CODE', 'AIRLINE_NAME', 'NUM_FLIGHTS_OPERATE_IN_2018', 'NUM_PLANES', 'NUMBER_OF_NON_CANCELLED_FLIGHTS', 'TOTAL_HOURS_DELAYED_DUE_TO_A_LATE_AIRCRAFT_IN_2018']
Unmatched columns: ['FLIGHT_NUMBER_HAD_THE_LONEST_DELAY_IN_DEPARTURE']
Missed: []


Database: amplitude
Table: amplitude__user_enhanced
Matched columns: ['AMPLITUDE_USER_ID', 'USER_CREATED_AT', 'FIRST_SESSION_AT', 'LAST_SESSION_AT', 'TOTAL_EVENTS_PER_USER', 'TOTAL_SESSIONS_PER_USER', 'AVERAGE_SESSION_LENGTH_IN_MINUTES']
Unmatched columns: []
Missed: []


Table: amplitude__event_enhanced
Matched columns: ['UNIQUE_SESSION_ID', 'AMPLITUDE_USER_ID', 'EVENT_ID', 'EVENT_TYPE', 'EVENT_TIME', 'EVENT_DAY', 'EVENT_TYPE_ID', 'EVENT_TYPE_NAME', 'SESSION_ID', 'USER_ID', 'USER_CREATION_TIME', 'AMPLITUDE_ID', 'APP', 'PROJECT_NAME', 'CLIENT_EVENT_TIME', 'CLIENT_UPLOAD_TIME', 'SERVER_RECEIVED_TIME', 'SERVER_UPLOAD_TIME', 'COUNTRY', 'DATA', 'DEVICE_ID', 'IP_ADDRESS', 'TOTALS', 'EVENTS_PER_SESSION', 'SESSION_STARTED_AT', 'SESSION_ENDED_AT', 'USER_SESSION_NUMBER', 'SESSION_STARTED_AT_DAY', 'SESSION_ENDED_AT_DAY', 'SESSION_LENGTH_IN_MINUTES', 'IS_FIRST_USER_SESSION']
Unmatched columns: ['UNIQUE_EVENT_ID', 'UNIQUE_EVENT_TYPE_ID', 'SESSION_EVENT_NUMBER', 'USER_EVENT_NUMBER', 'GROUP_TYPES', 'VALUE']
Missed: []


Table: amplitude__sessions
Matched columns: ['UNIQUE_SESSION_ID', 'USER_ID', 'EVENTS_PER_SESSION', 'SESSION_STARTED_AT', 'SESSION_ENDED_AT', 'SESSION_LENGTH_IN_MINUTES', 'SESSION_STARTED_AT_DAY', 'SESSION_ENDED_AT_DAY', 'USER_SESSION_NUMBER', 'IS_FIRST_USER_SESSION']
Unmatched columns: []
Missed: []


Database: app_store
Table: apps
Matched columns: ['APP_NAME', 'NUM_NEGATIVE_COMMENTS', 'AVG_SENTIMENT_SUBJECTIVITY_SCORE', 'NUM_NAN_OR_NULL_COMMENT_REVIEWS', 'PER_RATIO_BETWEEN_POSITIVE_AND_NEGATIVE_SETIMENTS', 'NUM_REVIEWS_WITH_NEUTRAL_ATTITUDE']
Unmatched columns: []
Missed: []


Database: apple_store
Table: apple_store__source_type_report
Matched columns: ['DATE_DAY', 'APP_ID', 'APP_NAME', 'SOURCE_TYPE', 'IMPRESSIONS', 'PAGE_VIEWS', 'FIRST_TIME_DOWNLOADS', 'REDOWNLOADS', 'TOTAL_DOWNLOADS', 'ACTIVE_DEVICES', 'DELETIONS', 'INSTALLATIONS', 'SESSIONS']
Unmatched columns: []
Missed: []


Table: apple_store__platform_version_report
Matched columns: ['DATE_DAY', 'APP_ID', 'APP_NAME', 'PLATFORM_VERSION', 'IMPRESSIONS', 'IMPRESSIONS_UNIQUE_DEVICE', 'PAGE_VIEWS', 'PAGE_VIEWS_UNIQUE_DEVICE', 'CRASHES', 'FIRST_TIME_DOWNLOADS', 'REDOWNLOADS', 'TOTAL_DOWNLOADS', 'ACTIVE_DEVICES', 'ACTIVE_DEVICES_LAST_30_DAYS', 'DELETIONS', 'INSTALLATIONS', 'SESSIONS']
Unmatched columns: ['SOURCE_TYPE']
Missed: []


Table: apple_store__device_report
Matched columns: ['DATE_DAY', 'APP_ID', 'APP_NAME', 'DEVICE', 'IMPRESSIONS', 'IMPRESSIONS_UNIQUE_DEVICE', 'PAGE_VIEWS', 'PAGE_VIEWS_UNIQUE_DEVICE', 'CRASHES', 'FIRST_TIME_DOWNLOADS', 'REDOWNLOADS', 'TOTAL_DOWNLOADS', 'ACTIVE_DEVICES', 'ACTIVE_DEVICES_LAST_30_DAYS', 'DELETIONS', 'INSTALLATIONS', 'SESSIONS']
Unmatched columns: ['SOURCE_TYPE']
Missed: []


Table: apple_store__app_version_report
Error: [Errno 2] No such file or directory: './agent_results/testeval/apple_store/apple_store__app_version_report.csv'


Table: apple_store__overview_report
Matched columns: ['DATE_DAY', 'APP_ID', 'APP_NAME', 'IMPRESSIONS', 'PAGE_VIEWS', 'CRASHES', 'FIRST_TIME_DOWNLOADS', 'REDOWNLOADS', 'TOTAL_DOWNLOADS', 'ACTIVE_DEVICES', 'DELETIONS', 'INSTALLATIONS', 'SESSIONS']
Unmatched columns: []
Missed: []


Database: asana
Table: asana__user
Matched columns: ['USER_ID', 'EMAIL', 'USER_NAME', 'NUMBER_OF_OPEN_TASKS', 'NUMBER_OF_TASKS_COMPLETED', 'NUMBER_OF_PROJECTS_OWNED', 'NUMBER_OF_PROJECTS_CURRENTLY_ASSIGNED_TO']
Unmatched columns: []
Missed: []


Table: asana__task
Matched columns: ['TASK_ID', 'ASSIGNEE_USER_ID', 'IS_COMPLETED', 'COMPLETED_AT', 'CREATED_AT', 'DUE_DATE', 'TASK_MODIFIED_AT', 'TASK_DESCRIPTION', 'WORKSPACE_ID', 'DAYS_OPEN', 'IS_CURRENTLY_ASSIGNED', 'NUMBER_OF_COMMENTS', 'NUMBER_OF_FOLLOWERS', 'TAGS', 'NUMBER_OF_TAGS', 'IS_SUBTASK']
Unmatched columns: ['HAS_BEEN_ASSIGNED']
Missed: []


Table: asana__team
Matched columns: ['TEAM_ID', 'TEAM_NAME', 'NUMBER_OF_OPEN_TASKS', 'NUMBER_OF_ASSIGNED_OPEN_TASKS', 'NUMBER_OF_TASKS_COMPLETED', 'NUMBER_OF_ACTIVE_PROJECTS', 'ACTIVE_PROJECTS', 'NUMBER_OF_ARCHIVED_PROJECTS']
Unmatched columns: []
Missed: []


Table: asana__project
Matched columns: ['PROJECT_ID', 'PROJECT_NAME', 'NUMBER_OF_OPEN_TASKS', 'NUMBER_OF_ASSIGNED_OPEN_TASKS', 'NUMBER_OF_TASKS_COMPLETED', 'TEAM_ID', 'TEAM_NAME', 'IS_ARCHIVED', 'CREATED_AT', 'CURRENT_STATUS', 'DUE_DATE', 'LAST_MODIFIED_AT', 'OWNER_USER_ID', 'NOTES']
Unmatched columns: ['NUMBER_OF_USERS_INVOLVED']
Missed: []


Table: asana__tag
Matched columns: ['TAG_ID', 'TAG_NAME', 'CREATED_AT', 'NUMBER_OF_OPEN_TASKS', 'NUMBER_OF_ASSIGNED_OPEN_TASKS', 'NUMBER_OF_TASKS_COMPLETED']
Unmatched columns: []
Missed: []


Database: authors
Table: conferences
Matched columns: ['CONFERENCE_ID', 'FULL_NAME', 'HOMEPAGE', 'AVG_NUM_PAPERS_PUBLISHED', 'NUM_PAPER_PRESENTED_IN_2012', 'YEAR_PUBLISHED_MOST_PAPER', 'PER_PAPERS_HAVE_KEYWORD_CANCER', 'TOTAL_NUMBER_PAPER_DURING_1990_TO_2000']
Unmatched columns: []
Missed: []


Database: beer_factory
Table: brands
Matched columns: ['BRAND_ID', 'BRANDNAME', 'ADDRESS', 'NUM_5_STARS', 'NOT_ADVERTISE_ON_FACEBOOK_AND_TWITTER', 'UNIT_PROFIT', 'AVG_RATING_STAR', 'LATITUDE_CONSUMED_MOST']
Unmatched columns: []
Missed: []


Table: beer_factory__customers
Matched columns: ['CUSTOMER_ID', 'NAME', 'ADDRESS', 'NUM_REVIEWS', 'DATE_FIRST_BOUGHT', 'BOUGHT_BEERS_CONTAIN_ARTIFICIAL_SWEETENER']
Unmatched columns: ['PURCHASED_BEER_BY_ASB', 'NUM_NON_SWEETENED']
Missed: []


Database: bike_share_1
Table: stations
Matched columns: ['STATION_ID', 'NAME', 'CITY', 'NUM_BORROWED_BIKE', 'ABOVE_AVG_DURATION_TRIPS', 'PER_SUBSCRIBER', 'DIFF_BEWTEEN_AS_START_STATION_AND_AS_END_STATION']
Unmatched columns: ['DATE_MOST_BIKES_AVAILABLE']
Missed: []


Database: book_publishing_company
Table: book_stores
Matched columns: ['STORE_ID', 'STORE_NAME', 'STATE', 'LEAST_QUANTITY_SALE_TITLE', 'TOTAL_SALES_QUANTITY', 'PERCENTAGE_OF_NET_30_PAYMENT', 'PERCENTAGE_OF_PSYCHOLOGY', 'TITLE_HAS_HIGHEST_YTD_SALES']
Unmatched columns: []
Missed: []


Table: book_titles
Matched columns: ['TITLE_ID', 'TITLE', 'TYPE', 'HAS_YTD_SALES_HIGHER_THAN_AVERAGE', 'NUMBER_OF_SALES_IN_CALIFORNIA_STORES', 'ORDERED_QUANTITY_1992']
Unmatched columns: ['HAS_ABOVE_AVERAGE_ROYALTY_RATE', 'SOLD_MORE_THAN_AVERAGE']
Missed: []


Table: book_publishers
Matched columns: ['PUB_ID', 'PUB_NAME', 'COUNTRY', 'NUMBER_OF_TITLES_1991', 'AVERAGE_YTD_SALES']
Unmatched columns: ['MOST_EXPENSIVE_BOOK', 'BOOK_HAS_THE_HIGHEST_ROYALTY', 'MOST_YTD_SALE_TITLE']
Missed: []


Database: books
Table: authors
Matched columns: ['AUTHOR_ID', 'AUTHOR_NAME', 'FIRST_BOOK', 'MOST_EXPENSIVE_BOOK', 'AVG_BOOK_PRICE_OVER_19']
Unmatched columns: ['PER_BOOK_PUBLISHED_1992', 'WROTE_FEWER_TOTAL_PAGES_THAN_THE_AVERAGE']
Missed: []


Table: customers
Matched columns: ['CUSTOMER_ID', 'CUSTOMER_NAME', 'EMAIL', 'PER_BOOKS_OVER_13', 'NUM_ORDERS', 'PREFERRED_SHIPPING_METHOD', 'HAS_ORDERED_THE_OLDEST_BOOK']
Unmatched columns: ['PER_ORDER_SHIPPED_INTERNATIONALLY']
Missed: []


Table: publishers
Matched columns: ['PUBLISHER_ID', 'PUBLISHER_NAME', 'NUM_BOOKS', 'NUM_BOOKS_PAGES_GREATER_THAN_70_PER_OF_AVG', 'PER_JAPANESE_BOOKS', 'TITLE_OF_THE_OLDEST_BOOK', 'BOOK_TITLE_WITH_THE_MOST_PAGES']
Unmatched columns: []
Missed: []


Database: california_schools
Table: ca__schools
Matched columns: ['CDSCODE', 'COUNTY', 'SCHOOL_NAME', 'PERCENT_ELIGIBLE_FREE_MEALS_FOR_GRADES_1_THROUGH_12', 'PERCENT_ELIGIBLE_FREE_MEALS_FOR_AGES_5_17', 'SUM_OF_AVERAGE_SCORE_FOR_ALL_SUBJECTS']
Unmatched columns: ['SAT_EXCELLENCE_RATE', 'HAS_MORE_THAN_30_DIFFERENCE_IN_ENROLLMENTS_BETWEEN_K_12_AND_AGES_5_17']
Missed: []


Database: car_retails
Table: car_retails__customers
Matched columns: ['CUSTOMERNUMBER', 'CUSTOMERNAME', 'HAS_CREDIT_LIMIT_NOT_MORE_THAN_100000', 'TOTAL_PAYMENTS_2003', 'HAS_PAID_MORE_THAN_THREE_TIMES_IN_2003', 'TOTAL_PRICE_OF_PRODUCT_SHIPPED_IN_2003']
Unmatched columns: ['COUNTRY', 'TOTAL_ACTUAL_PROFIT_GAINED']
Missed: []


Table: car_retails__products
Matched columns: ['PRODUCTCODE', 'PRODUCTNAME', 'BUYPRICE', 'NUMBER_OF_PRODUCT_ORDERED', 'EXPECTED_PROFIT_PER_PIECE', 'NUM_OF_CUSTOMERS', 'TOTAL_QUANTITY_SOLD_IN_2003']
Unmatched columns: ['AVERAGE_ACTUAL_PROFIT']
Missed: []


Table: car_retails__employees
Matched columns: ['EMPLOYEENUMBER', 'OFFICECODE', 'NAME', 'NUMBER_OF_CUSTOMERS', 'IS_IN_SYDNEY', 'HIGHEST_CUSTOMER_CREDIT_LIMIT']
Unmatched columns: ['PRODUCT_NAME_OF_THE_HIGHEST_AMOUNT_OF_ORDER', 'CUSTOMER_MADE_HIGHEST_PAYMENT']
Missed: []


Database: card_games
Table: card_games__sets
Matched columns: ['ID', 'NAME', 'SETCODE', 'NUM_CARDS', 'NUM_TRANSLATIONS', 'PER_CARDS_WITH_A_CONVERTED_MANA_COST_10', 'CARD_HAS_HIGHEST_CONVERTED_MANA_COST']
Unmatched columns: ['HAS_JAPANESE_TRANSLATION_AND_ONLY_AVAILABLE_IN_NON_FOIL']
Missed: []


Database: cars
Table: countries
Matched columns: ['ORIGIN', 'COUNTRY', 'MOST_FUEL_EFFICIENT_CAR', 'NUM_CARS', 'NUM_CAR_WORTH_OVER_35000_AND_ACCELERATION_14', 'AVG_CAR_PRICE']
Unmatched columns: ['FASTEST_CAR']
Missed: []


Database: chicago_crime
Table: community_areas
Matched columns: ['COMMUNITY_AREA_NO', 'COMMUNITY_AREA_NAME', 'NUM_NEIGHBORHOODS', 'NUM_CRIMES', 'NUM_POCKET_PICKING_THEFTS', 'PER_UNDER_500_THEFTS']
Unmatched columns: ['POPULATION', 'MORE_THAN_AVERAGE_SOLICIT_FOR_PROSTITUTES_REPORTED']
Missed: []


Table: districts
Matched columns: ['DISTRICT_NO', 'DISTRICT_NAME', 'EMAIL', 'NUM_CRIMES', 'DIFF_BEWTEEN_VEHICULAR_HIJACKINGS_AND_AGGRAVATED_VEHICULAR_HIJACKINGS']
Unmatched columns: ['NUM_CRIMES_JAN_2018', 'PER_CRIMES_HEPPENED_INSIDE_THE_HOUSE', 'NUM_DOMESTIC_VIOLENCE']
Missed: []


Database: citeseer
Table: citeseer_paper
Matched columns: ['PAPER_ID', 'CLASS_LABEL', 'NUM_CITED_WORD', 'CITED_WORD_CLASS', 'UNDER_AGENTS_CLASSIFICATION', 'CITED_WORD1002']
Unmatched columns: ['ML_AND_CITED_BUTZ01ALGORITHMIC']
Missed: []


Database: codebase_comments
Table: repository
Matched columns: ['REPO_ID', 'URL', 'STARS', 'HAS_FORKS_HIGHER_THAN_HALF_OF_WATCHERS', 'AVERAGE_TIME_NEEDED_FOR_THE_SOLUTIONS']
Unmatched columns: ['NUMBER_OF_SOLUTION_PATH_NEED_COMPILED', 'PERCENTAGE_OF_SOLUTIONS_COMPILED_XML', 'HAS_SOLUTION_WITHOUT_COMPILATION']
Missed: []


Database: codebase_community
Table: codebase_community__posts
Matched columns: ['POSTID', 'VIEWCOUNT', 'CREATION_DATE', 'NUM_UNIQUE_USERS_COMMENTED', 'HAS_VIEWS_ABOVE_AVERAGE', 'AVG_SCORE_OF_COMMENTS']
Unmatched columns: ['POSTED_BY_MOST_INFLUENTIAL_USER', 'COMMENT_WITH_THE_HIGHEST_SCORE']
Missed: []


Table: codebase_community__users
Matched columns: ['USER_ID', 'CREATION_DATE', 'NUM_BADGES', 'NUM_COMMENTS', 'CREATED_POST_WITH_SCORE_MORE_THAN_60', 'SUM_OF_FAVOURITE_COUNT_GAINED_2011', 'NUM_POSTS_VOTED']
Unmatched columns: ['DISPLAY_NAME']
Missed: []


Database: coinmarketcap
Table: coinmarket__coins
Matched columns: ['COIN_ID', 'COIN_STATUS', 'IS_ABOVE_AVERAGE_20180428', 'AVERAGE_PRICE']
Unmatched columns: ['COIN_NAME', 'HIGHEST_PRICE', 'DATE_LOWEST_PRICE', 'DATE_WITH_GREATEST_PRICE_DECLINE']
Missed: []


Database: college_completion
Table: states
Matched columns: ['STATE', 'AVERAGE_MEDIAN_SAT_VALUE_FOR_INSTITUTES', 'NUM_GRADUATE_COHORT_IN_2012_FROM_PRIVATE_INSTITUTE_FOR_PROFIT', 'PER_OF_4_YEAR_PUBLIC_SCHOOLS']
Unmatched columns: ['INSTITUTE_WITH_MOST_NUMBER_OF_AMERICAN_INDIAN', 'INSTITUTION_WITH_THE_HIGHEST_FRESHMAN_RETENTION_PERCENTAGE']
Missed: []


Database: computer_student
Table: courses
Matched columns: ['COURSE_ID', 'COURSELEVEL', 'NUMBER_OF_PROFESSORS', 'TAUGHT_BY_MORE_THAN_4_PEOPLE']
Unmatched columns: ['NUMBER_OF_PROFESSORS_NOT_FACULTY', 'NUMBER_OF_PROFESSORS_FACULTY', 'TAUGHT_BY_THE_ADVISORS']
Missed: []


Database: cookbook
Table: recipes
Matched columns: ['RECIPE_ID', 'TITLE', 'PREP_MIN', 'INCLUDES_BAKING_SODA_AND_SERVES_10_OR_MORE_PEOPLE', 'CONTAINS_VITAMIN_THAT_HELPS_VISION', 'IS_GOOD_FOR_WOUND_HEALING']
Unmatched columns: ['NUM_INGREDIENTS', 'CONTAINS_CHEESE_AND_CALORIES_GREATER_THAN_200']
Missed: []


Database: cs_semester
Table: professors
Matched columns: ['PROF_ID', 'FIRST_NAME', 'LAST_NAME', 'NUM_RA', 'PERCENTAGE_OF_RA_TPG', 'NUM_STUDENTS_WITH_THE_HIGHEST_RESEARCH_ABILITY', 'HAS_MORE_THAN_AVERAGE_TEACHING_ABILITY_AND_1_STUDENT', 'NUM_OF_STUDENTS_HIGH_SALARY']
Unmatched columns: []
Missed: []


Table: students
Matched columns: ['STUDENT_ID', 'LAST_NAME', 'FIRST_NAME', 'GOT_B_IN_MLT_AND_GPA_OVER3', 'HAS_THE_HIGHEST_INTELLIGENCE_UG', 'NUM_COURSES_TAKEN']
Unmatched columns: ['IS_UNDER_SUPERVISION_OF_MOST_POPULAR_PROFESSOR', 'GPA_BASED_ON_REGISTRATION']
Missed: []


Table: courses
Matched columns: ['COURSE_ID', 'CREDIT', 'NUM_STUDENTS_GOT_A', 'PER_OF_STUDENTS_HIGHEST_SATISFACTION_SCORE_FOR_THE_COURSE', 'PERCENTAGE_OF_UG', 'AVERAGE_SATISFYING_DEGREE']
Unmatched columns: ['NAME', 'NUMBER_OF_STUDENTS_FAIL']
Missed: []


Database: debit_card_specializing
Table: debit_card__customers
Error: [Errno 2] No such file or directory: './agent_results/testeval/debit_card_specializing/debit_card__customers.csv'


Database: disney
Table: directors
Matched columns: ['DIRECTOR_NAME', 'NUM_COMEDY_MOVIES', 'NUM_ADVENTURE_MOVIES', 'MOVIE_WITH_MOST_VOICE_ACTORS']
Unmatched columns: ['TOTAL_MOVIE_REVENUE', 'MOVIE_WITH_HIGHEST_TOTAL_GROSS']
Missed: []


Database: donor
Table: donor__projects
Matched columns: ['PROJECT_ID', 'SCHOOL_CITY', 'SCHOOL_ID', 'TOTAL_PRICE_OF_RESOURCES', 'HAS_RESOURCES_PROVIDED_BY_LLM', 'AVG_AMOUNT_DONATION']
Unmatched columns: ['PERCENTAGE_LACKING_AMOUNT_TOTAL', 'ITEM_COST_MOST']
Missed: []


Database: european_football_1
Table: eu_foolball__divisions
Matched columns: ['DIVISION', 'NAME', 'COUNTRY', 'NUM_0_0_GAMES', 'PER_GAMES_DRAWN']
Unmatched columns: ['NUM_TEAMS_2012', 'HIGHEST_FINAL_TIME_SCORE_2021', 'TEAM_WITH_HIGHEST_WIN_PERCENTAGE_AS_LOCAL']
Missed: []


Database: european_football_2
Table: teams
Matched columns: ['TEAM_API_ID', 'TEAM_LONG_NAME', 'NUM_LOST_MATCHES_AS_HOME_TEAM_2016', 'LESS_THAN_AVG_CHANCE_CREATION_PASSING_2014', 'AVG_NUM_GOALS_AS_AWAY_TEAM', 'NUM_GOALS']
Unmatched columns: ['TEAM_SHORT_NAME', 'NUM_WON_2010']
Missed: []


Table: leagues
Matched columns: ['LEAGUE_ID', 'COUNTRY_NAME', 'LEAGUE_NAME', 'NUM_GOALS_2016', 'AWAY_TEAM_WON_MOST_2010', 'NUM_DRAW_MATCHES_2016', 'AVG_GOAL_BY_HOME_TEAM_HIGHER_THAN_AWAY_TEAM', 'NUM_MATCHES_2008_2009_SEASON']
Unmatched columns: []
Missed: []


Table: players
Matched columns: ['PLAYER_API_ID', 'PLAYER_NAME', 'BIRTHDAY', 'HEIGHT_ABOVE_180', 'AVG_PENALTIES_RATE', 'AVG_FINISHING_RATE']
Unmatched columns: ['AVERAGE_OVERALL_RATING_FROM_2010_TO_2015', 'IS_UNDER_180_AND_OVERALL_STRENTH_MORE_THAN_70']
Missed: []


Database: facebook_ads
Table: facebook_ads__campaign_report
Matched columns: ['ACCOUNT_ID', 'ACCOUNT_NAME', 'CAMPAIGN_ID', 'CAMPAIGN_NAME', 'CLICKS']
Unmatched columns: ['DATE_DAY', 'IMPRESSIONS', 'SPEND', 'CONVERSIONS', 'CONVERSIONS_VALUE']
Missed: []


Table: facebook_ads__account_report
Matched columns: ['DATE_DAY', 'ACCOUNT_ID', 'ACCOUNT_NAME', 'CLICKS', 'IMPRESSIONS', 'SPEND']
Unmatched columns: ['CONVERSIONS', 'CONVERSIONS_VALUE']
Missed: []


Table: facebook_ads__ad_report
Matched columns: ['ACCOUNT_ID', 'ACCOUNT_NAME', 'CAMPAIGN_ID', 'CAMPAIGN_NAME', 'AD_SET_ID', 'AD_SET_NAME', 'AD_ID', 'AD_NAME', 'CLICKS']
Unmatched columns: ['DATE_DAY', 'IMPRESSIONS', 'SPEND', 'CONVERSIONS', 'CONVERSIONS_VALUE']
Missed: []


Table: facebook_ads__ad_set_report
Matched columns: ['ACCOUNT_ID', 'ACCOUNT_NAME', 'CAMPAIGN_ID', 'CAMPAIGN_NAME', 'AD_SET_ID', 'AD_SET_NAME', 'CLICKS']
Unmatched columns: ['DATE_DAY', 'IMPRESSIONS', 'SPEND', 'CONVERSIONS', 'CONVERSIONS_VALUE']
Missed: []


Database: financial
Table: clients
Matched columns: ['CLIENT_ID', 'GENDER', 'BIRTH_DATE', 'AMOUNT_OF_FIRST_TRANSACTION', 'AVG_LOAN_AMOUNT', 'TOTAL_PAY_FOR_ALL_TRANSACTIONS_1998']
Unmatched columns: ['LARGEST_LOAN_AMOUNT', 'NUM_WITHDRAWALS_IN_CASH_TRANSACTIONS']
Missed: []


Table: districts
Matched columns: ['DISTRICT_ID', 'DISTRICT_NAME', 'NUM_OPENED_ACCOUNTS', 'NUM_MALE_CLIENTS', 'AVG_TRANSACTION_AMOUNT_1997', 'NUM_ACCOUNTS_WITH_LOAD_FINISHED_NO_PROBLEM', 'PER_ACCOUNT_OPENED_1993']
Unmatched columns: []
Missed: []


Database: food_inspection
Table: restaurants
Matched columns: ['BUSINESS_ID', 'NAME', 'OWNER_NAME', 'NUM_HIGH_RISK_VIOLATIONS', 'LOWEST_INSPECTION_SCORE']
Unmatched columns: ['NUM_OF_INSPECTIONS_BECAUSE_OF_COMPLAINT', 'VIOLATION_PER_INSPECTION', 'MEETS_ALL_REQUIRED_STANDARDS_FOR_4_CONSECUTIVE_YEARS']
Missed: []


Database: food_inspection_2
Table: employees
Matched columns: ['EMPLOYEE_ID', 'FIRST_NAME', 'LAST_NAME', 'NUM_INSPECTIONS', 'IS_UNDER_GREGORY_CARDENAS', 'TOTAL_AMOUNT_OF_FINE']
Unmatched columns: ['INSPECTION_PASS_RATE', 'IS_SANITARIAN_AND_HAS_INSPECTED_THE_FACILITY_BURBANK']
Missed: []


Table: businesses
Matched columns: ['LICENSE_NO', 'DBA_NAME', 'FACILITY_TYPE', 'AT_LEAST_5_FAILED_INSPECTION_BEWTEEN_20100101_20151231', 'TOTAL_FINE_2014', 'PER_FAILED_INSPECTIONS', 'NUM_VIOLATIONS']
Unmatched columns: ['HAS_PAID_AT_LEAST_250_FINE']
Missed: []


Database: formula_1
Table: formula__drivers
Matched columns: ['DRIVERID', 'FULLNAME', 'NATIONALITY', 'AVG_PIT_STOP_DURATION']
Unmatched columns: ['NUM_WINNINGS', 'YEAR_AND_RACE_OF_FASTEST_LAP', 'POINTS_RECORDED_FOR_FIRST_RACE', 'NUM_ACCIDENTS']
Missed: []


Database: genes
Table: genes__genes
Matched columns: ['GENEID', 'LOCATED_IN_CYTOPLASM_AND_HAVE_7_CHROMOSOMES']
Unmatched columns: ['PAIRED_GENE_HIGHEST_EXPRESSION_CORRELATION_SCORE', 'PAIRED_GENE_LOWEST_EXPRESSION_CORRELATION_SCORE', 'INTERACTION_WITH_GENES_LOCATED_IN_THE_NUCLEUS_AND_IS_POSITIVELY_CORRELATED', 'NUM_FUNCTIONS']
Missed: []


Database: github
Table: github__weekly_metrics
Matched columns: ['WEEK', 'REPOSITORY', 'TOTAL_NUMBER_ISSUES_OPENED', 'TOTAL_NUMBER_ISSUES_CLOSED', 'TOTAL_NUMBER_PRS_OPENED', 'TOTAL_NUMBER_PRS_MERGED', 'NUMBER_PRS_CLOSED_WITHOUT_MERGE']
Unmatched columns: []
Missed: []


Table: github__monthly_metrics
Matched columns: ['MONTH', 'REPOSITORY', 'TOTAL_NUMBER_ISSUES_OPENED', 'TOTAL_NUMBER_ISSUES_CLOSED', 'TOTAL_NUMBER_PRS_OPENED', 'TOTAL_NUMBER_PRS_MERGED', 'NUMBER_PRS_CLOSED_WITHOUT_MERGE']
Unmatched columns: []
Missed: []


Table: github__quarterly_metrics
Matched columns: ['QUARTER', 'REPOSITORY', 'TOTAL_NUMBER_ISSUES_OPENED', 'TOTAL_NUMBER_ISSUES_CLOSED', 'TOTAL_NUMBER_PRS_OPENED', 'TOTAL_NUMBER_PRS_MERGED', 'NUMBER_PRS_CLOSED_WITHOUT_MERGE']
Unmatched columns: []
Missed: []


Table: github__pull_requests
Matched columns: ['ISSUE_ID', 'BODY', 'CLOSED_AT', 'CREATED_AT', 'IS_LOCKED', 'ISSUE_NUMBER', 'IS_PULL_REQUEST', 'REPOSITORY_ID', 'STATE', 'TITLE', 'UPDATED_AT', 'USER_ID', 'NUMBER_OF_TIMES_REOPENED', 'NUMBER_OF_COMMENTS', 'REPOSITORY', 'REPOSITORY_TEAM_NAMES', 'CREATOR_LOGIN_NAME', 'CREATOR_NAME', 'CREATOR_COMPANY', 'MERGED_AT', 'NUMBER_OF_REVIEWS']
Unmatched columns: ['REVIEWERS']
Missed: []


Table: github__daily_metrics
Matched columns: ['DAY', 'REPOSITORY', 'NUMBER_ISSUES_OPENED', 'NUMBER_ISSUES_CLOSED', 'NUMBER_PRS_OPENED', 'NUMBER_PRS_MERGED', 'NUMBER_PRS_CLOSED_WITHOUT_MERGE']
Unmatched columns: []
Missed: []


Table: github__issues
Matched columns: ['ISSUE_ID', 'BODY', 'CLOSED_AT', 'CREATED_AT', 'IS_LOCKED', 'ISSUE_NUMBER', 'IS_PULL_REQUEST', 'REPOSITORY_ID', 'STATE', 'TITLE', 'UPDATED_AT', 'USER_ID', 'NUMBER_OF_TIMES_REOPENED', 'NUMBER_OF_COMMENTS', 'REPOSITORY', 'REPOSITORY_TEAM_NAMES', 'CREATOR_LOGIN_NAME', 'CREATOR_NAME', 'CREATOR_COMPANY']
Unmatched columns: []
Missed: []


Database: hockey
Table: hockey__goalies
Matched columns: ['PLAYERID', 'NAMEGIVEN', 'HEIGHT', 'HAS_MORE_LOST_THAN_WON_GAMES', 'TOTAL_GOAL_AGAINSTS', 'DEFENSIVE_SUCCESS_RATE_IN_THE_POSTSEASON_OF_2011']
Unmatched columns: ['NUMBER_OF_SEASONS_PLAYED', 'PLAYED_5000_MINUTES_IN_THE_ALL_THE_SEASON_PLAYED']
Missed: []


Table: hockey__teams
Matched columns: ['TEAM_ID', 'NUM_VICTORIES', 'HIGHEST_TOTAL_POINTS_GOT_IN_A_YEAR', 'POWER_PLAY_PERCENTAGE_IN_2011', 'NUM_BENCH_MINOR_PENALTIES', 'NUM_TIES']
Unmatched columns: []
Missed: []


Database: human_resources
Table: locations
Matched columns: ['LOCATION_ID', 'LOCATION_STATE', 'LOCATION_ADDRESS', 'NUM_EMPLOYEES', 'HIGHEST_PAID_EMPLOYEE', 'NUM_OF_TRAINEE', 'NUM_ACCOUNT_REPRESENTATIVES_WITH_AVERAGE_PERFORMANCE', 'NUM_EMPLOYEES_HAVE_GOOD_PERFOMANCE']
Unmatched columns: []
Missed: []


Table: positions
Matched columns: ['POSITION_ID', 'POSITION_TITLE', 'EDUCATION_REQUIRED', 'NUM_POOR_PERFORMING_EMPLOYEES', 'NUM_FEMALE_EMPLOYEES', 'PER_SALARY_OVER_20000', 'AVG_SALARY', 'HAS_MAXIMUM_SALARY_NO_MORE_THAN_70000']
Unmatched columns: []
Missed: []


Database: ice_hockey_draft
Table: players
Matched columns: ['ELITE_ID', 'PLAYER_NAME', 'PLAYER_HEIGHT_IN_CM', 'TOTAL_PENALTY_MINUTES_SEASON_1997_1998', 'PLAYER_BMI']
Unmatched columns: ['NUM_GAMES_PLAYED', 'DIFF_GOALS_BEWTEEN_RS_AND_PF', 'NUM_GOALS_FOR_RIMOUSKI_OCEANIC_IN_PLAYOFF']
Missed: []


Database: image_and_language
Table: images
Matched columns: ['IMG_ID', 'NUM_OBJECT_SAMPLES', 'HAS_AT_LEAST_ONE_OBJECT_SAMPLE_WITH_CLASS_MAN', 'AVG_HEIGHT_OF_OBJECTS', 'NUM_SELF_RELATIONS', 'HAS_AT_LEAST_FIVE_BLACK_CLASSES']
Unmatched columns: []
Missed: []


Database: instagram_business
Table: instagram_business__posts
Matched columns: ['ACCOUNT_NAME', 'USER_ID', 'CREATED_TIMESTAMP', 'POST_ID', 'IS_COMMENT_ENABLED', 'IS_STORY', 'MEDIA_TYPE', 'MEDIA_URL', 'POST_URL', 'SHORTCODE', 'USERNAME', 'COMMENT_COUNT', 'LIKE_COUNT', 'VIDEO_PHOTO_ENGAGEMENT', 'VIDEO_PHOTO_IMPRESSIONS', 'VIDEO_PHOTO_REACH', 'VIDEO_PHOTO_SAVED', 'REEL_COMMENTS', 'REEL_LIKES', 'REEL_PLAYS', 'REEL_REACH', 'REEL_SHARES', 'REEL_TOTAL_INTERACTIONS']
Unmatched columns: []
Missed: []


Database: law_episode
Table: law_episode__person
Matched columns: ['PERSON_ID', 'NAME', 'BIRTH_COUNTRY', 'ORGANIZATION_MOST_AWARDS', 'PERCENTAGE_OF_EPISODES_APPEARED_IN_SERIES', 'HAS_WON_AT_LEAST_3_AWARDS', 'NUMBER_OF_TIMES_CREDITED', 'AVERAGE_STAR_RATING']
Unmatched columns: []
Missed: []


Table: law_episode__episode
Matched columns: ['EPISODE_ID', 'TITLE', 'EPISODE', 'NUMBER_OF_KEYWORDS', 'NUMBER_OF_CREWS_IN_ART', 'NUMBER_OF_1_STAR_VOTES']
Unmatched columns: ['NUMBER_OF_NOMINATIONS', 'RATIO_OF_AMERICAN_CASTS']
Missed: []


Database: legislator
Table: current_legislators
Matched columns: ['BIOGUIDE_ID', 'GENDER_BIO', 'NUM_SERVED_TERMS', 'HAS_SERVED_IN_MAINE', 'IS_JEWISH_BUT_DOES_NOT_HAVE_FACEBOOK', 'HAS_A_NICKNAME']
Unmatched columns: ['FULL_NAME', 'IS_MALE_BUT_IS_NOT_SENATOR']
Missed: []


Database: lever
Table: lever__posting_enhanced
Matched columns: ['JOB_COMMITMENT', 'JOB_LOCATION', 'JOB_TEAM', 'CONTENT_DESCRIPTION', 'CREATED_AT', 'CREATOR_USER_ID', 'POSTING_ID', 'OWNER_USER_ID', 'CURRENT_STATE', 'JOB_TITLE', 'UPDATED_AT', 'COUNT_REFERRED_APPLICATIONS', 'COUNT_POSTING_APPLICATIONS', 'COUNT_MANUAL_USER_APPLICATIONS', 'COUNT_OPPORTUNITIES', 'COUNT_OPEN_OPPORTUNITIES', 'COUNT_INTERVIEWS', 'COUNT_INTERVIEWEES', 'COUNT_REQUISITIONS', 'HAS_REQUISITION']
Unmatched columns: []
Missed: []


Table: lever__requisition_enhanced
Matched columns: ['IS_BACKFILL', 'COMPENSATION_BAND_CURRENCY', 'COMPENSATION_BAND_INTERVAL', 'COMPENSATION_BAND_MAX', 'COMPENSATION_BAND_MIN', 'CREATED_AT', 'CREATOR_USER_ID', 'EMPLOYMENT_STATUS', 'HEADCOUNT_HIRED', 'HEADCOUNT_TOTAL_ALLOTTED', 'HIRING_MANAGER_USER_ID', 'REQUISITION_ID', 'INTERNAL_NOTES', 'JOB_LOCATION', 'JOB_TITLE', 'OWNER_USER_ID', 'REQUISITION_CODE', 'STATUS', 'JOB_TEAM', 'COUNT_POSTINGS', 'HAS_POSTING', 'COUNT_OFFERS', 'HAS_OFFER']
Unmatched columns: []
Missed: []


Database: linkedin
Table: linkedin_ads__campaign_group_report
Matched columns: ['DATE_DAY', 'CAMPAIGN_GROUP_ID', 'CAMPAIGN_GROUP_NAME', 'ACCOUNT_ID', 'ACCOUNT_NAME', 'CURRENCY', 'LAST_MODIFIED_AT', 'CREATED_AT', 'CLICKS', 'IMPRESSIONS', 'COST', 'CONVERSION_VALUE_IN_LOCAL_CURRENCY']
Unmatched columns: []
Missed: []


Table: linkedin_ads__campaign_report
Matched columns: ['DATE_DAY', 'CAMPAIGN_ID', 'CAMPAIGN_NAME', 'VERSION_TAG', 'CAMPAIGN_GROUP_NAME', 'ACCOUNT_ID', 'ACCOUNT_NAME', 'CURRENCY', 'LAST_MODIFIED_AT', 'CREATED_AT', 'CLICKS', 'IMPRESSIONS', 'COST', 'CONVERSION_VALUE_IN_LOCAL_CURRENCY']
Unmatched columns: []
Missed: []


Table: linkedin_ads__account_report
Matched columns: ['DATE_DAY', 'ACCOUNT_ID', 'ACCOUNT_NAME', 'VERSION_TAG', 'CURRENCY', 'LAST_MODIFIED_AT', 'CREATED_AT', 'CLICKS', 'IMPRESSIONS', 'COST', 'CONVERSION_VALUE_IN_LOCAL_CURRENCY']
Unmatched columns: []
Missed: []


Database: mailchimp
Table: mailchimp__automation_activities
Matched columns: ['ACTION_TYPE', 'AUTOMATION_EMAIL_ID', 'LIST_ID', 'IP_ADDRESS', 'AUTOMATION_ID', 'SEGMENT_ID']
Unmatched columns: ['MEMBER_ID', 'ACTIVITY_TIMESTAMP', 'URL', 'ACTIVITY_ID']
Missed: []


Table: mailchimp__lists
Matched columns: ['LIST_ID', 'DATE_CREATED', 'NAME', 'LIST_RATING', 'BEAMER_ADDRESS', 'CONTACT_ADDRESS_1', 'CONTACT_CITY', 'CONTACT_COMPANY', 'CONTACT_COUNTRY', 'CONTACT_STATE', 'CONTACT_ZIP', 'DEFAULT_FROM_EMAIL', 'DEFAULT_FROM_NAME', 'DEFAULT_LANGUAGE', 'EMAIL_TYPE_OPTION', 'PERMISSION_REMINDER', 'SUBSCRIBE_URL_LONG', 'SUBSCRIBE_URL_SHORT', 'USE_ARCHIVE_BAR', 'VISIBILITY', 'COUNT_MEMBERS', 'MOST_RECENT_SIGNUP_TIMESTAMP', 'CAMPAIGN_SENDS', 'CAMPAIGN_OPENS', 'CAMPAIGN_CLICKS', 'CAMPAIGN_UNIQUE_OPENS', 'CAMPAIGN_UNIQUE_CLICKS', 'AUTOMATION_SENDS', 'AUTOMATION_OPENS', 'AUTOMATION_CLICKS', 'AUTOMATION_UNIQUE_OPENS', 'AUTOMATION_UNIQUE_CLICKS']
Unmatched columns: ['CAMPAIGN_UNSUBSCRIBES', 'AUTOMATION_UNSUBSCRIBES']
Missed: []


Table: mailchimp__members
Matched columns: ['EMAIL_CLIENT', 'EMAIL_TYPE', 'COUNTRY_CODE', 'DSTOFF', 'GMTOFF', 'OPT_IN_IP_ADDRESS', 'SIGNUP_IP_ADDRESS', 'LANGUAGE', 'LATITUDE', 'LONGITUDE', 'MEMBER_RATING', 'TIMEZONE', 'VIP', 'CAMPAIGN_SENDS', 'CAMPAIGN_OPENS', 'CAMPAIGN_CLICKS', 'CAMPAIGN_UNIQUE_OPENS', 'CAMPAIGN_UNIQUE_CLICKS']
Unmatched columns: ['MEMBER_ID', 'EMAIL_ADDRESS', 'STATUS', 'LIST_ID', 'SIGNUP_TIMESTAMP', 'OPT_IN_TIMESTAMP', 'LAST_CHANGED_TIMESTAMP', 'UNIQUE_EMAIL_ID', 'CAMPAIGN_UNSUBSCRIBES', 'AUTOMATION_SENDS', 'AUTOMATION_OPENS', 'AUTOMATION_CLICKS', 'AUTOMATION_UNIQUE_OPENS', 'AUTOMATION_UNIQUE_CLICKS', 'AUTOMATION_UNSUBSCRIBES']
Missed: []


Table: mailchimp__campaigns
Matched columns: ['CAMPAIGN_ID', 'SEGMENT_ID', 'CREATE_TIMESTAMP', 'SEND_TIMESTAMP', 'LIST_ID', 'REPLY_TO_EMAIL', 'CAMPAIGN_TYPE', 'TITLE', 'ARCHIVE_URL', 'AUTHENTICATE', 'AUTO_FOOTER', 'AUTO_TWEET', 'CLICKTALE', 'CONTENT_TYPE', 'DRAG_AND_DROP', 'FB_COMMENTS', 'FROM_NAME', 'GOOGLE_ANALYTICS', 'INLINE_CSS', 'LONG_ARCHIVE_URL', 'STATUS', 'SUBJECT_LINE', 'TEMPLATE_ID', 'TIMEWARP', 'TO_NAME', 'TRACK_ECOMM_360', 'TRACK_GOALS', 'TRACK_HTML_CLICKS', 'TRACK_OPENS', 'TRACK_TEXT_CLICKS', 'USE_CONVERSATION', 'SENDS', 'OPENS', 'CLICKS', 'UNIQUE_OPENS', 'UNIQUE_CLICKS', 'UNSUBSCRIBES']
Unmatched columns: []
Missed: []


Table: mailchimp__campaign_activities
Matched columns: ['ACTION_TYPE', 'CAMPAIGN_ID', 'LIST_ID', 'SEND_TIMESTAMP']
Unmatched columns: ['MEMBER_ID', 'ACTIVITY_TIMESTAMP', 'IP_ADDRESS', 'URL', 'ACTIVITY_ID', 'EMAIL_ID', 'TIME_SINCE_SEND_MINUTES', 'TIME_SINCE_SEND_HOURS', 'TIME_SINCE_SEND_DAYS']
Missed: []


Table: mailchimp__campaign_recipients
Matched columns: ['CAMPAIGN_ID', 'LIST_ID', 'SEGMENT_ID', 'SEND_TIMESTAMP', 'CLICKS', 'WAS_CLICKED', 'WAS_UNSUBSCRIBED']
Unmatched columns: ['MEMBER_ID', 'EMAIL_ID', 'OPENS', 'UNIQUE_OPENS', 'UNIQUE_CLICKS', 'WAS_OPENED', 'FIRST_OPEN_TIMESTAMP', 'TIME_TO_OPEN_MINUTES', 'TIME_TO_OPEN_HOURS', 'TIME_TO_OPEN_DAYS']
Missed: []


Table: mailchimp__automations
Matched columns: ['AUTOMATION_ID', 'LIST_ID', 'SEGMENT_ID', 'SEGMENT_TEXT', 'STARTED_TIMESTAMP', 'CREATED_TIMESTAMP', 'STATUS', 'TITLE', 'TRIGGER_SETTINGS', 'SENDS', 'OPENS', 'CLICKS', 'UNIQUE_OPENS', 'UNIQUE_CLICKS']
Unmatched columns: ['UNSUBSCRIBES']
Missed: []


Table: mailchimp__automation_emails
Matched columns: ['AUTOMATION_EMAIL_ID', 'AUTOMATION_ID', 'CREATED_TIMESTAMP', 'STARTED_TIMESTAMP', 'SEND_TIMESTAMP', 'FROM_NAME', 'REPLY_TO', 'STATUS', 'SUBJECT_LINE', 'TITLE', 'ARCHIVE_URL', 'AUTHENTICATE', 'AUTO_FOOTER', 'AUTO_TWEET', 'CONTENT_TYPE', 'DELAY_ACTION', 'DELAY_AMOUNT', 'DELAY_TYPE', 'DRAG_AND_DROP', 'FB_COMMENTS', 'GOOGLE_ANALYTICS', 'INLINE_CSS', 'POSITION', 'TEMPLATE_ID', 'TRACK_ECOMM_360', 'TRACK_GOALS', 'TRACK_HTML_CLICKS', 'TRACK_OPENS', 'TRACK_TEXT_CLICKS', 'LIST_ID', 'SEGMENT_ID', 'SENDS', 'OPENS', 'CLICKS', 'UNIQUE_OPENS', 'UNIQUE_CLICKS']
Unmatched columns: ['DELAY_ACTION_DESCRIPTION', 'DELAY_FULL_DESCRIPTION', 'UNSUBSCRIBES']
Missed: []


Table: mailchimp__segments
Matched columns: ['SEGMENT_ID', 'LIST_ID', 'MEMBER_COUNT', 'SEGMENT_NAME', 'SEGMENT_TYPE', 'UPDATED_TIMESTAMP', 'CREATED_TIMESTAMP', 'LIST_NAME', 'CAMPAIGN_SENDS', 'CAMPAIGN_OPENS', 'CAMPAIGN_CLICKS', 'CAMPAIGN_UNIQUE_OPENS', 'CAMPAIGN_UNIQUE_CLICKS', 'CAMPAIGN_UNSUBSCRIBES', 'AUTOMATION_SENDS', 'AUTOMATION_OPENS', 'AUTOMATION_CLICKS', 'AUTOMATION_UNIQUE_OPENS', 'AUTOMATION_UNIQUE_CLICKS', 'AUTOMATION_UNSUBSCRIBES']
Unmatched columns: []
Missed: []


Database: marketo
Table: marketo__email_templates
Matched columns: ['EMAIL_TEMPLATE_ID', 'CREATED_TIMESTAMP', 'DESCRIPTION', 'FOLDER_NAME', 'FOLDER_ID', 'FOLDER_TYPE', 'FOLDER_VALUE', 'FROM_EMAIL', 'FROM_NAME', 'EMAIL_TEMPLATE_NAME', 'IS_OPERATIONAL', 'PROGRAM_ID', 'PUBLISH_TO_MSI', 'REPLY_EMAIL', 'EMAIL_TEMPLATE_STATUS', 'EMAIL_SUBJECT', 'PARENT_TEMPLATE_ID', 'IS_TEXT_ONLY', 'UPDATED_TIMESTAMP', 'EMAIL_TEMPLATE_URL', 'VERSION_TYPE', 'HAS_WEB_VIEW_ENABLED', 'WORKSPACE_NAME', 'INFERRED_VERSION', 'TOTAL_COUNT_OF_VERSIONS', 'VALID_TO', 'IS_MOST_RECENT_VERSION', 'COUNT_SENDS', 'COUNT_OPENS', 'COUNT_BOUNCES', 'COUNT_CLICKS', 'COUNT_DELIVERIES', 'COUNT_UNSUBSCRIBES', 'COUNT_UNIQUE_OPENS', 'COUNT_UNIQUE_CLICKS']
Unmatched columns: ['VALID_FROM', 'EMAIL_TEMPLATE_HISTORY_ID']
Missed: []


Table: marketo__email_sends
Matched columns: ['ACTIVITY_TIMESTAMP', 'ACTIVITY_TYPE_ID', 'ACTION_RESULT', 'CAMPAIGN_ID', 'CAMPAIGN_RUN_ID', 'CHOICE_NUMBER', 'EMAIL_TEMPLATE_ID', 'ACTIVITY_ID', 'LEAD_ID', 'PRIMARY_ATTRIBUTE_VALUE', 'PRIMARY_ATTRIBUTE_VALUE_ID', 'STEP_ID', 'ACTIVITY_RANK', 'COUNT_OPENS', 'COUNT_BOUNCES', 'COUNT_CLICKS', 'COUNT_DELIVERIES', 'COUNT_UNSUBSCRIBES', 'WAS_OPENED', 'WAS_BOUNCED', 'WAS_CLICKED', 'WAS_DELIVERED', 'WAS_UNSUBSCRIBED', 'PROGRAM_ID', 'IS_OPERATIONAL']
Unmatched columns: ['EMAIL_SEND_ID']
Missed: []


Table: marketo__campaigns
Matched columns: ['CAMPAIGN_ID', 'IS_ACTIVE', 'CREATED_TIMESTAMP', 'DESCRIPTION', 'CAMPAIGN_NAME', 'PROGRAM_ID', 'CAMPAIGN_TYPE', 'UPDATED_TIMESTAMP', 'WORKSPACE_NAME', 'COMPUTED_URL', 'FLOW_ID', 'FOLDER_ID', 'FOLDER_TYPE', 'IS_COMMUNICATION_LIMIT_ENABLED', 'IS_REQUESTABLE', 'IS_SYSTEM', 'QUALIFICATION_RULE_TYPE', 'QUALIFICATION_RULE_INTERVAL', 'QUALIFICATION_RULE_UNIT', 'RECURRENCE_START_AT', 'RECURRENCE_INTERVAL_TYPE', 'RECURRENCE_INTERVAL', 'RECURRENCE_WEEKDAY_ONLY', 'SMART_LIST_ID', 'STATUS', 'COUNT_SENDS', 'COUNT_OPENS', 'COUNT_BOUNCES', 'COUNT_CLICKS', 'COUNT_DELIVERIES', 'COUNT_UNSUBSCRIBES', 'COUNT_UNIQUE_OPENS', 'COUNT_UNIQUE_CLICKS']
Unmatched columns: []
Missed: []


Table: marketo__programs
Matched columns: ['PROGRAM_ID', 'CHANNEL', 'CREATED_TIMESTAMP', 'PROGRAM_NAME', 'PROGRAM_TYPE', 'UPDATED_TIMESTAMP', 'URL', 'WORKSPACE', 'COUNT_SENDS', 'COUNT_OPENS', 'COUNT_BOUNCES', 'COUNT_CLICKS', 'COUNT_DELIVERIES', 'COUNT_UNSUBSCRIBES', 'COUNT_UNIQUE_OPENS', 'COUNT_UNIQUE_CLICKS']
Unmatched columns: ['SFDC_ID', 'SFDC_NAME', 'PROGRAM_STATUS']
Missed: []


Database: mental_health_survey
Table: surveys
Matched columns: ['SURVEY_ID', 'DESCRIPTION', 'NUM_PEOPLE_MENTAL_ILLNESS', 'NUM_QUESTIONS_MORE_THAN_200_ANSWERS', 'OLDEST_USER_AGE', 'PER_BRING_MENTAL_ISSUE_IN_INTERVIEW', 'CONTAINS_WORK_CITY']
Unmatched columns: []
Missed: []


Database: menu
Table: menus
Matched columns: ['MENU_ID', 'PAGE_WITH_BIGGEST_HEIGHT', 'AVG_NUM_OF_DISHES_PER_PAGE']
Unmatched columns: ['NAME', 'SPONSOR', 'DISH_WITH_HIGHEST_PRICE', 'NUM_DISHES_SECOND_PAGE', 'HAS_CLEAR_GREEN_TURTLE_AND_USES_DOLLARS']
Missed: []


Database: microsoft_ads
Table: microsoft_ads__ad_report
Matched columns: ['DATE_DAY', 'ACCOUNT_NAME', 'ACCOUNT_ID', 'CAMPAIGN_NAME', 'CAMPAIGN_ID', 'AD_GROUP_NAME', 'AD_GROUP_ID', 'AD_NAME', 'AD_ID', 'AD_TYPE', 'DEVICE_OS', 'DEVICE_TYPE', 'NETWORK', 'CURRENCY_CODE', 'CLICKS', 'IMPRESSIONS', 'SPEND', 'CONVERSIONS_VALUE', 'ALL_CONVERSIONS_VALUE']
Unmatched columns: ['CONVERSIONS', 'ALL_CONVERSIONS']
Missed: []


Table: microsoft_ads__ad_group_report
Matched columns: ['DATE_DAY', 'ACCOUNT_NAME', 'ACCOUNT_ID', 'CAMPAIGN_NAME', 'CAMPAIGN_ID', 'AD_GROUP_NAME', 'AD_GROUP_ID', 'DEVICE_OS', 'DEVICE_TYPE', 'NETWORK', 'CURRENCY_CODE', 'CLICKS', 'IMPRESSIONS', 'SPEND', 'CONVERSIONS_VALUE', 'ALL_CONVERSIONS_VALUE']
Unmatched columns: ['CONVERSIONS', 'ALL_CONVERSIONS']
Missed: []


Table: microsoft_ads__keyword_report
Matched columns: ['DATE_DAY', 'ACCOUNT_NAME', 'ACCOUNT_ID', 'CAMPAIGN_ID', 'AD_GROUP_ID', 'AD_ID', 'KEYWORD_ID', 'MATCH_TYPE', 'DEVICE_OS', 'DEVICE_TYPE', 'NETWORK', 'CURRENCY_CODE', 'CLICKS', 'IMPRESSIONS', 'SPEND', 'CONVERSIONS_VALUE', 'ALL_CONVERSIONS_VALUE']
Unmatched columns: ['CONVERSIONS', 'ALL_CONVERSIONS']
Missed: []


Table: microsoft_ads__url_report
Matched columns: ['DATE_DAY', 'ACCOUNT_NAME', 'ACCOUNT_ID', 'CAMPAIGN_NAME', 'CAMPAIGN_ID', 'AD_GROUP_NAME', 'AD_GROUP_ID', 'AD_NAME', 'AD_ID', 'DEVICE_OS', 'DEVICE_TYPE', 'NETWORK', 'CURRENCY_CODE', 'CLICKS', 'IMPRESSIONS', 'SPEND', 'CONVERSIONS_VALUE', 'ALL_CONVERSIONS_VALUE']
Unmatched columns: ['CONVERSIONS', 'ALL_CONVERSIONS']
Missed: []


Table: microsoft_ads__account_report
Matched columns: ['DATE_DAY', 'ACCOUNT_NAME', 'ACCOUNT_ID', 'ACCOUNT_TIMEZONE', 'DEVICE_OS', 'DEVICE_TYPE', 'NETWORK', 'CURRENCY_CODE', 'CLICKS', 'IMPRESSIONS', 'SPEND', 'CONVERSIONS_VALUE', 'ALL_CONVERSIONS']
Unmatched columns: ['CONVERSIONS']
Missed: []


Table: microsoft_ads__search_report
Matched columns: ['DATE_DAY', 'ACCOUNT_NAME', 'ACCOUNT_ID', 'CAMPAIGN_NAME', 'CAMPAIGN_ID', 'AD_GROUP_ID', 'AD_NAME', 'AD_ID', 'KEYWORD_ID', 'SEARCH_QUERY', 'DEVICE_OS', 'DEVICE_TYPE', 'NETWORK', 'CLICKS', 'IMPRESSIONS', 'SPEND', 'CONVERSIONS_VALUE', 'ALL_CONVERSIONS_VALUE']
Unmatched columns: ['MATCH_TYPE', 'CONVERSIONS', 'ALL_CONVERSIONS']
Missed: []


Table: microsoft_ads__campaign_report
Matched columns: ['DATE_DAY', 'ACCOUNT_NAME', 'ACCOUNT_ID', 'CAMPAIGN_NAME', 'CAMPAIGN_ID', 'CAMPAIGN_TYPE', 'CAMPAIGN_TIMEZONE', 'CAMPAIGN_STATUS', 'DEVICE_OS', 'DEVICE_TYPE', 'NETWORK', 'CURRENCY_CODE', 'CLICKS', 'IMPRESSIONS', 'SPEND', 'CONVERSIONS_VALUE', 'ALL_CONVERSIONS_VALUE']
Unmatched columns: ['CONVERSIONS', 'ALL_CONVERSIONS']
Missed: []


Database: mondial_geo
Table: countries
Matched columns: ['COUNTRY_NAME', 'COUNTRY_AREA', 'COUNTRY_POPULATION', 'NUM_ETHNIC_GROUPS', 'NUM_LANGUAGES_SPOKEN']
Unmatched columns: ['THE_MAJORITY_ETHNIC_GROUP', 'HAS_OVER_1_ORGANIZATIONS_AND_AN_INFLATION_RATE_OF_OVER_3_PER', 'NUM_NEIGHBORS']
Missed: []


Database: movie
Table: movie
Matched columns: ['MOVIEID', 'TITLE', 'RATING', 'ACTOR_WITH_LONGEST_SCREENTIME', 'PERCENTAGE_OF_THE_USA_ACTORS', 'NUM_DISTINCT_CHARACTERS', 'NUMBER_OF_USA_MALE_ACTORS']
Unmatched columns: ['PERCENTAGE_OF_THE_ACTOR_BORN_AFTER_19700101']
Missed: []


Table: actors
Matched columns: ['ACTORID', 'NAME', 'NETWORTH', 'NUMBER_OF_MOVIES', 'AVERAGE_RATING_OF_ALL_THE_MOVIES', 'NUMBER_OF_MOVIE_WITH_A_RATING_GREATER_THAN_5', 'NUMBER_OF_ROMANTIC_MOVIES', 'TOTAL_RUNTIME_OF_THE_MOVIE_WITH_A_RATING_GREATER_THAN_7']
Unmatched columns: []
Missed: []


Database: movie_3
Table: films
Matched columns: ['FILM_ID', 'TITLE', 'LENGTH', 'NUM_RENTED_TIMES', 'HAS_A_RENTAL_RATE_GREATER_THAN_THE_60PER_OF_AVERAGE_RENTAL_RATE_OF_ALL_LISTED_FILMS', 'NUM_ACTORS', 'CUSTOMERS_CAN_RENT_FOR_MORE_THAN_5_DAYS']
Unmatched columns: ['RENTAL_REVENUE']
Missed: []


Table: customers
Matched columns: ['CUSTOMER_ID', 'FULL_NAME', 'EMAIL', 'NUM_RENTED_FILMS', 'PER_MUSIC_FILM_AMONG_ALL_RENTED_FILMS', 'TOTAL_PAYMENTS_GREATER_THAN_70PER_OF_THE_AVERAGE_TOTAL_PAYMENTS']
Unmatched columns: ['HAS_RENTED_THE_FILM_WITH_THE_HIGHEST_REPLACEMENT_COST', 'AVG_AMOUNT_OF_MONEY_SPENT_ON_RENTAL']
Missed: []


Database: movielens
Table: movielens__actors
Matched columns: ['ACTORID', 'A_GENDER', 'A_QUALITY', 'NUM_FILM', 'QUALITY_RATING_3_AND_ACTED_ENGLISH_USA_MOVIES']
Unmatched columns: ['NUM_RATING_OVER_3', 'HAS_ACTED_IN_AT_LEAST_2_FRENCH_FILMS', 'NUM_HORROR_MOVIES']
Missed: []


Table: movielens__directors
Matched columns: ['DIRECTORID', 'D_QUALITY', 'AVG_REVENUE', 'NUM_ACTION_MOVIE', 'NUM_MOVIE_AVG_RATING_OVER_3']
Unmatched columns: ['MOST_COMMON_FILM_GENRES', 'HAS_QUALITY_3_AND_AT_LEAST_2_GENRES', 'IS_CALLED_BOX_OFFICE_SUCCESS_PARADOX']
Missed: []


Table: movielens__movies
Matched columns: ['MOVIEID', 'COUNTRY', 'ISENGLISH', 'AVG_RATING', 'NUMBER_OF_AUDIENCE_OCCUPATION_5', 'NUMBER_OF_RATINGS_BY_FEMALE_USERS', 'PERCENTAGE_OF_FEMALE_ACTRESSES']
Unmatched columns: ['RUNNING_TIME_3_AVE_REVENUE_1']
Missed: []


Database: movies_4
Table: movies4__production_company
Matched columns: ['COMPANY_ID', 'COMPANY_NAME', 'LATEST_RELEASED_MOVIE', 'MOST_POPULAR_MOVIE', 'HIGHEST_REVENUE_MOVIE']
Unmatched columns: ['NUMBER_OF_MOVIES_RELEASED', 'CATEGORY_RUNNING_TIME_PER_MOVIE_2016']
Missed: []


Table: movies4__person
Matched columns: ['PERSON_ID', 'LASTEST_MOVIE', 'MOVIE_WITH_THE_HIGHEST_AVERAGE_VOTE', 'HAS_MOVIE_BETWEEN_19160101_19251231']
Unmatched columns: ['PERSON_NAME', 'PERCENTAGE_OF_MOVIE_VOTE_AVERAGE_OVER_5', 'HAS_WORKED_AS_A_MUSIC_EDITOR']
Missed: []


Table: movies4__movies
Matched columns: ['MOVIE_ID', 'TITLE', 'MOVIE_STATUS', 'NUMBER_OF_PRODUCTION_COMPANIES', 'PERCENTAGE_OF_MALE_CHARACTERS', 'NUMBER_OF_CREWS', 'RATIO_BETWEEN_MALE_AND_FEMALE_CAST_MEMBERS']
Unmatched columns: ['NUMBER_OF_MAIN_CHARACTERS']
Missed: []


Database: music_platform_2
Table: music_platform__podcasts
Matched columns: ['PODCAST_ID', 'PODCAST_TITLE', 'ITUNES_URL', 'HAS_AT_LEAST_FOUR_CATEGORIES', 'AVG_RATING', 'CONTENT_OF_EARLIEST_REVIEW', 'NUM_PEOPLE_RATED_5']
Unmatched columns: ['LONGEST_REVIEW']
Missed: []


Table: music_platform__categories
Matched columns: ['CATEGORY', 'NUM_PODCASTS', 'NUM_REVIEWS', 'AVG_RATING', 'LATEST_REVIEW_PODCAST_TITLE', 'INCLUDES_PODCAST_WITH_JESSICA_IN_TITLE']
Unmatched columns: []
Missed: []


Database: music_tracker
Table: music_tracker__tags
Matched columns: ['TAGS', 'ARTIST_RELEASED_MOST_SINGLES', 'TOTAL_ALBUM_DOWNLOAD', 'AMOUNT_OF_DOWNLOADS', 'OLDEST_SINGLE_RELEASE_TITLE']
Unmatched columns: ['MOST_DOWNLOADED_RELEASE_TITLE']
Missed: []


Database: pardot
Table: pardot__opportunities
Matched columns: ['OPPORTUNITY_ID', 'CAMPAIGN_ID', 'CREATED_TIMESTAMP', 'UPDATED_TIMESTAMP', 'OPPORTUNITY_NAME', 'PROBABILITY', 'OPPORTUNITY_STATUS', 'STAGE', 'OPPORTUNITY_TYPE', 'AMOUNT', '_FIVETRAN_SYNCED', 'CLOSED_TIMESTAMP', 'COUNT_PROSPECTS']
Unmatched columns: []
Missed: []


Table: pardot__prospects
Matched columns: ['PROSPECT_ID', '_FIVETRAN_DELETED', '_FIVETRAN_SYNCED', 'ADDRESS_ONE', 'ADDRESS_TWO', 'ANNUAL_REVENUE', 'CAMPAIGN_ID', 'CITY', 'COMMENTS', 'COMPANY', 'COUNTRY', 'CREATED_TIMESTAMP', 'CRM_ACCOUNT_FID', 'CRM_CONTACT_FID', 'CRM_LAST_SYNC', 'CRM_LEAD_FID', 'CRM_OWNER_FID', 'CRM_URL', 'DEPARTMENT', 'EMAIL', 'EMPLOYEES', 'FAX', 'FIRST_NAME', 'GRADE', 'INDUSTRY', 'IS_DO_NOT_CALL', 'IS_DO_NOT_EMAIL', 'IS_REVIEWED', 'IS_STARRED', 'JOB_TITLE', 'LAST_ACTIVITY_AT', 'LAST_NAME', 'NOTES', 'OPTED_OUT', 'PASSWORD', 'PHONE_NUMBER', 'PROSPECT_ACCOUNT_ID', 'RECENT_INTERACTION', 'SALUTATION', 'SCORE', 'PROSPECT_SOURCE', 'STATE', 'TERRITORY', 'UPDATED_TIMESTAMP', 'USER_ID', 'WEBSITE', 'YEARS_IN_BUSINESS', 'ZIP', 'COUNT_ACTIVITY_VISITS', 'COUNT_ACTIVITY_EMAILS']
Unmatched columns: []
Missed: []


Table: pardot__campaigns
Matched columns: ['CAMPAIGN_ID', 'CAMPAIGN_NAME', '_FIVETRAN_DELETED', '_FIVETRAN_SYNCED', 'COUNT_OPPORTUNITIES', 'COUNT_OPPORTUNITIES_WON', 'COUNT_OPPORTUNITIES_LOST']
Unmatched columns: []
Missed: []


Table: pardot__lists
Matched columns: ['LIST_ID', 'NAME', 'DESCRIPTION', 'TITLE', 'IS_CRM_VISIBLE', 'IS_PUBLIC', 'IS_DYNAMIC', 'CREATED_TIMESTAMP', 'UPDATED_TIMESTAMP', '_FIVETRAN_SYNCED', 'COUNT_ACTIVITY_EMAILS', 'COUNT_ACTIVITY_VISITS']
Unmatched columns: []
Missed: []


Database: pinterest
Table: pinterest_ads__campaign_report
Matched columns: ['DATE_DAY', 'ADVERTISER_NAME', 'ADVERTISER_ID', 'CAMPAIGN_NAME', 'CAMPAIGN_ID', 'CAMPAIGN_STATUS', 'SPEND', 'CLICKS', 'IMPRESSIONS', 'TOTAL_CONVERSIONS', 'TOTAL_CONVERSIONS_QUANTITY', 'TOTAL_CONVERSIONS_VALUE']
Unmatched columns: []
Missed: []


Table: pinterest_ads__keyword_report
Matched columns: ['DATE_DAY', 'ADVERTISER_NAME', 'ADVERTISER_ID', 'CAMPAIGN_NAME', 'CAMPAIGN_ID', 'AD_GROUP_NAME', 'AD_GROUP_ID', 'KEYWORD_ID', 'MATCH_TYPE', 'PARENT_TYPE', 'KEYWORD_VALUE', 'SPEND', 'CLICKS', 'IMPRESSIONS', 'TOTAL_CONVERSIONS', 'TOTAL_CONVERSIONS_QUANTITY', 'TOTAL_CONVERSIONS_VALUE']
Unmatched columns: []
Missed: []


Table: pinterest_ads__advertiser_report
Matched columns: ['DATE_DAY', 'ADVERTISER_NAME', 'ADVERTISER_ID', 'CURRENCY_CODE', 'COUNTRY', 'SPEND', 'CLICKS', 'IMPRESSIONS', 'TOTAL_CONVERSIONS', 'TOTAL_CONVERSIONS_QUANTITY', 'TOTAL_CONVERSIONS_VALUE']
Unmatched columns: []
Missed: []


Table: pinterest_ads__ad_group_report
Matched columns: ['DATE_DAY', 'ADVERTISER_NAME', 'ADVERTISER_ID', 'CAMPAIGN_NAME', 'CAMPAIGN_STATUS', 'CAMPAIGN_ID', 'AD_GROUP_NAME', 'AD_GROUP_ID', 'CREATED_AT', 'START_TIME', 'END_TIME', 'AD_GROUP_STATUS', 'SPEND', 'CLICKS', 'IMPRESSIONS', 'TOTAL_CONVERSIONS', 'TOTAL_CONVERSIONS_QUANTITY', 'TOTAL_CONVERSIONS_VALUE']
Unmatched columns: []
Missed: []


Database: professional_basketball
Table: professional_basketball__players
Error: [Errno 2] No such file or directory: './agent_results/testeval/professional_basketball/professional_basketball__players.csv'


Table: professional_basketball__teams
Error: [Errno 2] No such file or directory: './agent_results/testeval/professional_basketball/professional_basketball__teams.csv'


Table: professional_basketball__coaches
Error: [Errno 2] No such file or directory: './agent_results/testeval/professional_basketball/professional_basketball__coaches.csv'


Database: public_review_platform
Table: public_review_platform__businesses
Matched columns: ['BUSINESS_ID', 'ACTIVE', 'NUM_LONG_REVIEWS', 'IS_UNDER_THE_CATEGORY_OF_FOOD_ARE_GOOD_FOR_KIDS', 'HAS_MORE_THAN_10_ATTRIBUTES', 'RECEIVED_THE_REVIEW_OF_4_STAR_AND_ABOVE_BY_65_PER_OF_USER']
Unmatched columns: ['CITY', 'AVERAGE_REVIEW_STAR']
Missed: []


Table: public_review_platform__users
Matched columns: ['USER_ID', 'USER_YELPING_SINCE_YEAR', 'USER_FANS', 'NUM_5_STAR_REVIEWS', 'NUM_BUSINESS_REVIEWED', 'NUM_OF_FUNNY_TYPE_OF_COMPLIMENTS', 'IS_AN_ELITE_USER_FOR_5_YEARS_OR_MORE']
Unmatched columns: ['RECEIVED_LESS_THAN_5_LOW_COMPLIMENTS_FROM_OTHER_USERS']
Missed: []


Database: qualtrics
Table: qualtrics__directory
Matched columns: ['IS_DEDUPED_ON_EMAIL', 'IS_DEDUPED_ON_EXT_REF', 'IS_DEDUPED_ON_FIRST_NAME', 'IS_DEDUPED_ON_LAST_NAME', 'IS_DEDUPED_ON_PHONE', 'DIRECTORY_ID', 'IS_DEFAULT', 'NAME', 'IS_DELETED', '_FIVETRAN_SYNCED', 'COUNT_DISTINCT_EMAILS', 'COUNT_DISTINCT_PHONES', 'TOTAL_COUNT_CONTACTS', 'COUNT_CONTACTS_SENT_SURVEY_30D', 'COUNT_CONTACTS_OPENED_SURVEY_30D', 'COUNT_CONTACTS_STARTED_SURVEY_30D', 'COUNT_CONTACTS_COMPLETED_SURVEY_30D', 'COUNT_SURVEYS_SENT_30D', 'COUNT_MAILING_LISTS']
Unmatched columns: []
Missed: []


Table: qualtrics__distribution
Matched columns: ['CREATED_AT', 'HEADER_FROM_EMAIL', 'HEADER_FROM_NAME', 'HEADER_REPLY_TO_EMAIL', 'HEADER_SUBJECT', 'DISTRIBUTION_ID', 'LAST_MODIFIED_AT', 'ORGANIZATION_ID', 'OWNER_USER_ID', 'RECIPIENT_CONTACT_ID', 'RECIPIENT_LIBRARY_ID', 'RECIPIENT_MAILING_LIST_ID', 'RECIPIENT_SAMPLE_ID', 'REQUEST_STATUS', 'REQUEST_TYPE', 'SEND_AT', 'SURVEY_LINK_EXPIRES_AT', 'SURVEY_LINK_TYPE', 'SURVEY_ID', 'IS_DELETED', '_FIVETRAN_SYNCED', 'OWNER_EMAIL', 'OWNER_FIRST_NAME', 'OWNER_LAST_NAME', 'CURRENT_COUNT_SURVEYS_PENDING', 'CURRENT_COUNT_SURVEYS_SUCCESS', 'CURRENT_COUNT_SURVEYS_ERROR', 'CURRENT_COUNT_SURVEYS_OPENED', 'CURRENT_COUNT_SURVEYS_COMPLAINT', 'CURRENT_COUNT_SURVEYS_SKIPPED', 'CURRENT_COUNT_SURVEYS_BLOCKED', 'CURRENT_COUNT_SURVEYS_FAILURE', 'CURRENT_COUNT_SURVEYS_UNKNOWN', 'CURRENT_COUNT_SURVEYS_SOFTBOUNCE', 'CURRENT_COUNT_SURVEYS_HARDBOUNCE', 'CURRENT_COUNT_SURVEYS_SURVEYSTARTED', 'CURRENT_COUNT_SURVEYS_SURVEYPARTIALLYFINISHED', 'CURRENT_COUNT_SURVEYS_SURVEYFINISHED', 'CURRENT_COUNT_SURVEYS_SURVEYSCREENEDOUT', 'CURRENT_COUNT_SURVEYS_SESSIONEXPIRED', 'TOTAL_COUNT_CONTACTS', 'COUNT_CONTACTS_SENT_SURVEYS', 'COUNT_CONTACTS_OPENED_SURVEYS', 'COUNT_CONTACTS_STARTED_SURVEYS', 'COUNT_CONTACTS_COMPLETED_SURVEYS', 'FIRST_SURVEY_SENT_AT', 'LAST_SURVEY_SENT_AT']
Unmatched columns: []
Missed: []


Table: qualtrics__survey
Matched columns: ['SURVEY_ID', 'SURVEY_NAME', 'SURVEY_STATUS', 'BRAND_BASE_URL', 'BRAND_ID', 'OWNER_USER_ID', 'PROJECT_CATEGORY', 'PROJECT_TYPE', 'SCORING_SUMMARY_AFTER_QUESTIONS', 'SCORING_SUMMARY_AFTER_SURVEY', 'LAST_ACTIVATED_AT', 'LAST_MODIFIED_AT', 'IS_DELETED', 'OWNER_EMAIL', 'COUNT_QUESTIONS', 'COUNT_SURVEY_RESPONSES', 'COUNT_COMPLETED_SURVEY_RESPONSES']
Unmatched columns: []
Missed: []


Table: qualtrics__contact
Matched columns: ['CONTACT_ID', 'IS_XM_DIRECTORY_CONTACT', 'IS_RESEARCH_CORE_CONTACT', 'EMAIL', 'EMAIL_DOMAIN', 'FIRST_NAME', 'LAST_NAME', 'EXTERNAL_DATA_REFERENCE', 'LANGUAGE', 'COUNT_MAILING_LISTS_UNSUBSCRIBED_FROM', 'COUNT_SURVEYS_SENT_EMAIL', 'COUNT_SURVEYS_SENT_SMS', 'COUNT_SURVEYS_OPENED_EMAIL', 'COUNT_SURVEYS_OPENED_SMS', 'COUNT_SURVEYS_STARTED_EMAIL', 'COUNT_SURVEYS_STARTED_SMS', 'COUNT_SURVEYS_COMPLETED_EMAIL', 'COUNT_SURVEYS_COMPLETED_SMS', 'TOTAL_COUNT_SURVEYS', 'TOTAL_COUNT_COMPLETED_SURVEYS']
Unmatched columns: ['MAILING_LIST_IDS', 'COUNT_MAILING_LISTS_SUBSCRIBED_TO', 'CREATED_AT']
Missed: []


Database: recurly
Table: recurly__balance_transactions
Error: [Errno 2] No such file or directory: './agent_results/testeval/recurly/recurly__balance_transactions.csv'


Table: recurly__account_overview
Error: [Errno 2] No such file or directory: './agent_results/testeval/recurly/recurly__account_overview.csv'


Table: recurly__subscription_overview
Error: [Errno 2] No such file or directory: './agent_results/testeval/recurly/recurly__subscription_overview.csv'


Table: recurly__churn_analysis
Error: [Errno 2] No such file or directory: './agent_results/testeval/recurly/recurly__churn_analysis.csv'


Database: regional_sales
Table: regional_sales__customers
Matched columns: ['CUSTOMER_ID', 'HAS_MADE_ORDERS_ONLINE', 'QUANTITY_OF_ORDERS_IN_2018']
Unmatched columns: ['CUSTOMER_NAME', 'MOST_EXPENSIVE_ORDER', 'HIGHEST_NET_PROFIIT_FOR_ORDER', 'AVG_PRICE_OF_ORDER_AFTER_DISCOUNT']
Missed: []


Table: regional_sales__products
Matched columns: ['PRODUCT_ID', 'PRODUCT_NAME', 'HAS_BEEN_APPLIED_10PER_DISCOUNT', 'NUMBER_OF_ORDERS']
Unmatched columns: ['PERCENTAGE_OF_PRODUCTS_THAT_WERE_SHIPPED_FROM_BURBAN', 'TOTAL_NET_PROFIT', 'HIGHEST_NET_PROFIT_IN_2019']
Missed: []


Database: restaurant
Table: cities
Matched columns: ['CITY', 'MOST_POPULAR_RESTAURANT_AMONG_DINNER', 'MOST_COMMON_TYPE', 'AVERAGE_REVIEW_SCORE_OF_RESTAURANTS']
Unmatched columns: ['MOST_POPULAR_RESTAURANT_SERVING_ASIAN_FOODS', 'REVIEW_GREATER_THAN_AVERAGE_REVIEW_ALL_AMERICAN_RESTAURANTS']
Missed: []


Database: retail_complains
Table: Clients
Matched columns: ['CLIENT_ID', 'SEX', 'FULL_NAME', 'DAYS_OF_LONGEST_DELAY_OF_COMPLAINT', 'NUMBER_OF_COMPLAINT_SUBMITTED_VIA_FAX']
Unmatched columns: ['ISSUE_WITH_THE_LONGEST_SERVER_TIME', 'HAS_IN_PROGRESS_COMPLAINTS', 'PERCENTAGE_OF_COMPLAINT_CALLS_GOT_CONSENT']
Missed: []


Database: retail_world
Table: retail_world__customers
Error: [Errno 2] No such file or directory: './agent_results/testeval/retail_world/retail_world__customers.csv'


Database: sales
Table: sales__employees
Matched columns: ['EMPLOYEEID', 'FIRSTNAME', 'LASTNAME', 'NUM_SALES', 'SOLD_OVER_20000_TOURING_BLUE', 'PRODUCT_SOLD_MOST', 'TOTAL_AMOUNT_SOLD']
Unmatched columns: ['NUM_CUSTOMERS']
Missed: []


Table: sales__products
Matched columns: ['PRODUCTID', 'NAME', 'PRICE', 'TOTAL_SALE_PRICE', 'SOLD_BELOW_THE_AVERAGE_QUANTITY', 'NUM_SOLD_BY_STEARNS_MACFEATHER', 'IS_FREEBIES']
Unmatched columns: ['PER_SOLD']
Missed: []


Table: sales__customers
Matched columns: ['CUSTOMERID', 'FIRSTNAME', 'LASTNAME', 'TOTAL_BOUGHT_QUANTITY', 'PLACED_ORDER_FOR_PRODUCT_ID_1', 'TOTAL_PRICE_PURCHASED']
Unmatched columns: ['PRODUCT_WITH_THE_HIGHEST_QUANTITY', 'ABOVE_AVERAGE_BOUGHT_QUANTITY']
Missed: []


Database: sales_in_weather
Table: stores
Matched columns: ['PER_ITEM_5_SOLD_2012', 'AVG_ITEM_5_SOLD_WHEN_MAX_TEMP_EXCEEDED_90']
Unmatched columns: ['STORE_NBR', 'ITEM_5_SOLD_IN_DAY_WITH_HIGHEST_TEMP_2012', 'ITEM_7_SOLD_IN_DAY_WITH_BIGGEST_TEMP_RANGE', 'NUM_ITEMS_SOLD_DURING_A_SNOWY_DAY']
Missed: []


Table: stations
Matched columns: ['STATION_NBR', 'NUM_STORES', 'QUANTITY_OF_ITEM_5_SOLD', 'MOST_PURCHASED_PRODUCTS', 'ITEM_9_SOLD_WHEN_AVG_TEMP_LESS_THAN_83']
Unmatched columns: ['AVG_MAXIMUM_TEMP_FEB_2012']
Missed: []


Database: shakespeare
Table: shakespeare__works
Matched columns: ['ID', 'TITLE', 'GENRETYPE', 'HAS_A_CHARACTER_AS_A_THIRD_SERVINGMAN', 'IS_ONE_ACT_WORK']
Unmatched columns: ['NUM_CHARACTERS', 'NUM_SCENES', 'AVERAGE_SCENE_PER_ACT']
Missed: []


Database: shipping
Table: drivers
Matched columns: ['DRIVER_ID', 'FIRST_NAME', 'LAST_NAME', 'NUM_SHIPMENTS_2017', 'NUM_SHIPMENT_TO_LEAST_POPULATED_CITY', 'PER_SHIPMENT_PLACED_BY_AUTOWARE_INC', 'HAS_A_SHIPMENT_WEIGHT_GREATER_95_PER_AVG_ACROSS_ALL_SHIPMENTS', 'WEIGHT_FIRST_SHIPMENT']
Unmatched columns: []
Missed: []


Table: trucks
Matched columns: ['TRUCK_ID', 'MAKE', 'MODEL_YEAR', 'HEADQUARTER', 'NUM_SHIPMENTS', 'PERSON_RECEIVE_HEAVIEST_SHIPMENT', 'PER_WEIGHT_EXCEED_10000', 'NUM_SHIPMENTS_CHANGE_FROM_2016_TO_2017']
Unmatched columns: []
Missed: []


Database: simpson_episodes
Table: simpson_episodes__episode
Matched columns: ['EPISODE_ID', 'EPISODE_TITLE', 'AIR_DATE', 'NUM_WORST_VOTE', 'NUM_NOMINATIONS', 'RATIO_BETWEEN_UNCREDITED_AND_CREDITED_ROLES', 'AVERAGE_STARS']
Unmatched columns: ['STAR_7_CLASS']
Missed: []


Database: soccer_2016
Table: teams
Matched columns: ['TEAM_ID', 'TEAM_NAME', 'NUMBER_OF_TIMES_TOSS_WINNER', 'NUMBER_OF_SEASON_1_MATCH_WON', 'NUMBER_OF_LOSSES', 'FIRST_MATCH_TIME', 'WIN_RATE']
Unmatched columns: []
Missed: []


Database: social_media
Table: countries
Matched columns: ['NUMBER_OF_LIKES', 'TWEETS_WITH_MOST_NUMBER_OF_LIKES_SENT_BY_MALE_USERS']
Unmatched columns: ['COUNTRY', 'NUMBER_OF_TWEETS', 'PERCENTAGE_OF_MALE_USERS', 'NUMBER_OF_POSITIVE_SENTIMENT_TWEETS']
Missed: []


Database: software_company
Table: geo
Matched columns: ['GEOID', 'INCOME_K', 'INHABITANTS_K', 'NUM_MALE_CUSTOMER_EDU_LEVEL_4_AND_BELOW', 'AVG_EDUCATION_LEVEL', 'RESPONSE_RATE', 'PER_MALE_TEENAGER_AMONG_ALL_TEENAGE_EDU_ABOVE_10']
Unmatched columns: ['PER_ELDERLY_CUSTOMER_NEVER_MARRIED']
Missed: []


Database: student_club
Table: members
Matched columns: ['MEMBER_ID', 'NAME', 'POSITION', 'INCURRED_EXPENSES_IN_MORE_THAN_ONE_EVENT', 'HAS_EXPENSE_MORE_THAN_AVG_EXPENSE', 'COMES_FROM_THE_ART_AND_DESIGN_DEPARTMENT', 'NUM_EVENTS_ATTENDED_2019', 'IS_ABLE_TO_GENERATE_INCOME_OVER_40']
Unmatched columns: []
Missed: []


Table: events
Matched columns: ['EVENT_ID', 'EVENT_NAME', 'EVENT_TYPE', 'NUM_ATTENDENCE_OF_STUDENTS', 'PER_COST', 'AMOUNT_SPENT_ON_ADVERTISEMENT', 'AMOUNT_BUDGETED', 'PER_BUDGET_FOR_PARKING']
Unmatched columns: []
Missed: []


Database: student_loan
Table: schools
Matched columns: ['SCHOOL', 'NUM_DISABLED_STUDENTS', 'PER_STUDENTS_FILE_BANKRUPTCY']
Unmatched columns: ['PER_MALE_AND_AIR_FORCE', 'PER_DISABLED_FEMALE_STUDENTS', 'PER_NAVY_MAKE_UP_NUM_STUDENTS']
Missed: []


Table: organization
Matched columns: ['ORGAN', 'NUM_DISABLED_STUDENTS', 'PER_MALE_STUDENTS', 'LONGEST_TIME_ABSENCE']
Unmatched columns: ['PER_STUDENTS_HAVE_DUE_PAYMENT', 'RATIO_BETWEEN_FEMALE_AND_MALE']
Missed: []


Table: students
Matched columns: ['NAME', 'TOTAL_ABSENCE_TIME', 'NOT_FILE_FOR_BANKRUPTCY', 'HAS_THE_LONGEST_ABSENCE_DURATION']
Unmatched columns: ['GENDER', 'FEMALE_AND_NO_DUE_PAYMENTS', 'JOIN_MORE_THAN_ONE_ORG']
Missed: []


Database: superhero
Table: superheroes
Matched columns: ['HERO_ID', 'SUPERHERO_NAME', 'FULL_NAME', 'HAS_DURABILITY_LESS_THAN_50', 'NUM_POWERS', 'IS_BLUE_FEMALE_SUPERHERO', 'HAS_HIGHEST_VALUE_IN_STRENGTH']
Unmatched columns: ['HAS_WEIGHT_GREATER_THAN_79_PER_AVG_WEIGHT']
Missed: []


Database: superstore
Table: products
Matched columns: ['PRODUCT_ID', 'TOTAL_PROFITS', 'IS_ORDERED_BY_BECKY_MARTIN_AROUND_THE_CENTRAL_REGION', 'TOTAL_QUANTITY_SOLD']
Unmatched columns: ['PRODUCT_NAME', 'HAS_A_PROFIT_GREATER_THAN_98_PER_OF_THE_AVERAGE_PROFIT_OF_ALL_PRODUCTS_IN_THE_EAST_REGION', 'PERCETANGE_OF_CONSUMERS_AMONG_THE_CUSTOMERS']
Missed: []


Table: customers
Matched columns: ['CUSTOMER_ID', 'CUSTOMER_NAME', 'SEGMENT', 'NUMBER_OF_ORDERS_IN_2016_FROM_THE_EAST_SUPERSTORE', 'NUMBER_OF_ORDERS_WITH_MORE_THAN_3_KINDS_OF_PRODUCTS_ORDERED']
Unmatched columns: ['THE_LARGEST_TOTAL_COST_OF_PRODUCTS_IN_A_SINGLE_ORDER', 'NAME_OF_THE_PRODUCT_THAT_WAS_ORDERED_RECENTLY', 'ITEM_ORDERED_WITH_THE_HIGHEST_QUANTITY_IN_THE_EAST_REGION']
Missed: []


Database: synthea
Table: synthea__patients
Matched columns: ['PATIENT', 'NAME', 'BIRTHDATE', 'HIGHEST_SYSTOLIC_BLOOD_PRESSURE_OBSERVED', 'NUMBER_OF_IMMUNIZATIONS', 'NUM_ENCOUNTERS_BETWEEN_2010_AND_2017', 'HAS_RECEIVED_THE_IPV_AND_IS_ENGLISH']
Unmatched columns: ['TIME_RECIEVE_MOST_RECENT_VACCINE']
Missed: []


Database: talkingdata
Table: labels
Matched columns: ['LABEL_ID', 'CATEGORY', 'START_WITH_THE_WORD_GAME']
Unmatched columns: ['NUMBER_OF_USERS', 'OLDEST_EVENT_ID', 'PERCENTAGE_OF_THE_APP_UNDER_THE_LABEL', 'NUMBER_OF_USERS_NOT_ACTIVE_WHEN_2_HAPPENED']
Missed: []


Database: thrombosis_prediction
Table: patients
Error: [Errno 2] No such file or directory: './agent_results/testeval/thrombosis_prediction/patients.csv'


Database: tiktok_ads
Table: tiktok_ads__ad_group_report
Matched columns: ['DATE_DAY', 'ADVERTISER_ID', 'AD_GROUP_ID', 'AD_GROUP_NAME', 'CATEGORY', 'GENDER', 'BUDGET', 'IMPRESSIONS', 'CLICKS', 'SPEND', 'REACH', 'CONVERSION', 'LIKES', 'COMMENTS', 'SHARES', 'PROFILE_VISITS', 'FOLLOWS', 'VIDEO_WATCHED_2_S', 'VIDEO_WATCHED_6_S', 'VIDEO_VIEWS_P_25', 'VIDEO_VIEWS_P_50', 'VIDEO_VIEWS_P_75', 'REAL_TIME_CONVERSION', 'TOTAL_PURCHASE_VALUE', 'TOTAL_SALES_LEAD_VALUE', 'TOTAL_CONVERSION_VALUE', 'DAILY_CPC', 'DAILY_CPM', 'DAILY_CTR']
Unmatched columns: []
Missed: []


Table: tiktok_ads__campaign_report
Matched columns: ['DATE_DAY', 'ADVERTISER_ID', 'ADVERTISER_NAME', 'CAMPAIGN_ID', 'CAMPAIGN_NAME', 'CURRENCY', 'IMPRESSIONS', 'CLICKS', 'SPEND', 'REACH', 'CONVERSION', 'LIKES', 'COMMENTS', 'SHARES', 'PROFILE_VISITS', 'FOLLOWS', 'VIDEO_WATCHED_2_S', 'VIDEO_WATCHED_6_S', 'VIDEO_VIEWS_P_25', 'VIDEO_VIEWS_P_50', 'VIDEO_VIEWS_P_75', 'REAL_TIME_CONVERSION', 'TOTAL_PURCHASE_VALUE', 'TOTAL_SALES_LEAD_VALUE', 'TOTAL_CONVERSION_VALUE', 'DAILY_CPC', 'DAILY_CPM', 'DAILY_CTR']
Unmatched columns: []
Missed: []


Table: tiktok_ads__ad_report
Matched columns: []
Unmatched columns: ['DATE_DAY', 'ADVERTISER_ID', 'ADVERTISER_NAME', 'CAMPAIGN_ID', 'CAMPAIGN_NAME', 'AD_GROUP_ID', 'AD_GROUP_NAME', 'AD_ID', 'AD_NAME', 'CURRENCY', 'CATEGORY', 'GENDER', 'BUDGET', 'IMPRESSIONS', 'CLICKS', 'SPEND', 'REACH', 'CONVERSION', 'LIKES', 'COMMENTS', 'SHARES', 'PROFILE_VISITS', 'FOLLOWS', 'VIDEO_WATCHED_2_S', 'VIDEO_WATCHED_6_S', 'VIDEO_VIEWS_P_25', 'VIDEO_VIEWS_P_50', 'VIDEO_VIEWS_P_75', 'REAL_TIME_CONVERSION', 'TOTAL_PURCHASE_VALUE', 'TOTAL_SALES_LEAD_VALUE', 'TOTAL_CONVERSION_VALUE', 'DAILY_CPC', 'DAILY_CPM', 'DAILY_CTR']
Missed: []


Table: tiktok_ads__advertiser_report
Matched columns: ['DATE_DAY', 'ADVERTISER_ID', 'ADVERTISER_NAME', 'CURRENCY', 'CLICKS', 'IMPRESSIONS', 'SPEND', 'REACH', 'CONVERSION', 'LIKES', 'COMMENTS', 'SHARES', 'PROFILE_VISITS', 'FOLLOWS', 'VIDEO_WATCHED_2_S', 'VIDEO_WATCHED_6_S', 'VIDEO_VIEWS_P_25', 'VIDEO_VIEWS_P_50', 'VIDEO_VIEWS_P_75', 'REAL_TIME_CONVERSION', 'TOTAL_PURCHASE_VALUE', 'TOTAL_SALES_LEAD_VALUE', 'TOTAL_CONVERSION_VALUE', 'DAILY_CPC', 'DAILY_CPM', 'DAILY_CTR']
Unmatched columns: []
Missed: []


Database: toxicology
Table: molecules
Matched columns: ['MOLECULE_ID', 'CARCINOGENIC_LABEL', 'PER_TRIPLE_BONDS', 'NUM_ATOM_TYPES', 'RATIO_OF_HYDROGEN_ELEMENTS', 'HAS_DOUBLE_BONDED_CARBON_ATOM']
Unmatched columns: ['NUM_SINGLE_BONDS']
Missed: []


Database: trains
Table: trains
Matched columns: ['TRAIN_ID', 'DIRECTION', 'HAS_MORE_THAN_2_LONG_CARS', 'HAS_DOUBLE_SIDED_CARS_IN_3RD_POSITION', 'HAS_RECTANGULAR_SHAPED_HEAD_CARS']
Unmatched columns: ['RUN_EAST_AND_HAS_LESS_THAN_4_CARS', 'NUMBER_OF_OPEN_ROOF_CAR']
Missed: []


Database: twilio
Table: twilio__account_overview
Matched columns: ['ACCOUNT_ID', 'ACCOUNT_NAME', 'ACCOUNT_STATUS', 'ACCOUNT_TYPE', 'DATE_DAY', 'DATE_WEEK', 'DATE_MONTH', 'PRICE_UNIT', 'TOTAL_OUTBOUND_MESSAGES', 'TOTAL_INBOUND_MESSAGES', 'TOTAL_ACCEPTED_MESSAGES', 'TOTAL_SCHEDULED_MESSAGES', 'TOTAL_CANCELED_MESSAGES', 'TOTAL_QUEUED_MESSAGES', 'TOTAL_SENDING_MESSAGES', 'TOTAL_SENT_MESSAGES', 'TOTAL_FAILED_MESSAGES', 'TOTAL_DELIVERED_MESSAGES', 'TOTAL_UNDELIVERED_MESSAGES', 'TOTAL_RECEIVING_MESSAGES', 'TOTAL_RECEIVED_MESSAGES', 'TOTAL_READ_MESSAGES', 'TOTAL_MESSAGES']
Unmatched columns: ['TOTAL_MESSAGES_SPEND']
Missed: []


Database: twitter_organic
Table: twitter_organic__tweets
Matched columns: []
Unmatched columns: ['DATE_DAY', 'ORGANIC_TWEET_ID', 'CREATED_TIMESTAMP', 'TWEET_TEXT', 'ACCOUNT_ID', 'POST_URL', 'ACCOUNT_NAME', 'USER_ID', 'USER_NAME', 'APP_CLICKS', 'CARD_ENGAGEMENTS', 'CAROUSEL_SWIPES', 'CLICKS', 'ENGAGEMENTS', 'FOLLOWS', 'IMPRESSIONS', 'LIKES', 'POLL_CARD_VOTE', 'QUALIFIED_IMPRESSIONS', 'REPLIES', 'RETWEETS', 'UNFOLLOWS', 'URL_CLICKS', 'VIDEO_15_S_VIEWS', 'VIDEO_3_S_100_PCT_VIEWS', 'VIDEO_6_S_VIEWS', 'VIDEO_CONTENT_STARTS', 'VIDEO_CTA_CLICKS', 'VIDEO_TOTAL_VIEWS', 'VIDEO_VIEWS_100', 'VIDEO_VIEWS_25', 'VIDEO_VIEWS_50', 'VIDEO_VIEWS_75']
Missed: []


Database: university
Table: countries
Matched columns: ['COUNTRY_ID', 'COUNTRY_NAME', 'NUM_UNIVERSITIES', 'UNIVERSITY_WITH_HIGHEST_SCORE_IN_CITATIONS_CRITERIA_2016', 'HAS_UNIVERSITY_WITH_NUM_STUDENTS_GREATER_THAN_98_PER_AVG_2013', 'NUM_INTERNATIONAL_STUDENTS_2015', 'MOST_POPULATED_UNIVERSITY_2014']
Unmatched columns: []
Missed: []


Table: universities
Matched columns: ['UNIVERSITY_ID', 'UNIVERSITY_NAME', 'COUNTRY_NAME', 'AVG_STUDENT_STAFF_RATIO', 'NUM_INTERNATIONAL_STUDENTS', 'AVG_RANKING_SCORE_IN_TEACHING', 'SCORE_LESS_THAN_28_PER_AVG_RESEARCH_2015']
Unmatched columns: ['NUM_MALE_STUDENTS']
Missed: []


Database: video_games
Table: publishers
Matched columns: ['PUBLISHER_ID', 'PUBLISHER_NAME', 'NUM_PUZZLE_GAMES', 'OLDEST_PUBLISHED_GAME', 'AVG_SALE_GREATER_THAN_90_PER_OF_AVG_SALE_IN_JAPAN']
Unmatched columns: ['NUM_GAMES', 'PUBLISHED_ONLY_ONE_GAME']
Missed: []


Database: workday
Table: workday__employee_overview
Matched columns: ['EMPLOYEE_ID', 'WORKER_ID', 'POSITION_ID', 'POSITION_START_DATE', 'WORKER_CODE', 'USER_ID', 'IS_USER_ACTIVE', 'HIRE_DATE', 'IS_TERMINATED', 'PRIMARY_TERMINATION_CATEGORY', 'PRIMARY_TERMINATION_REASON', 'IS_REGRETTABLE_TERMINATION', 'COMPENSATION_EFFECTIVE_DATE', 'EMPLOYEE_COMPENSATION_FREQUENCY', 'ANNUAL_CURRENCY_SUMMARY_CURRENCY', 'ANNUAL_CURRENCY_SUMMARY_TOTAL_BASE_PAY', 'ANNUAL_CURRENCY_SUMMARY_PRIMARY_COMPENSATION_BASIS', 'ANNUAL_SUMMARY_CURRENCY', 'ANNUAL_SUMMARY_TOTAL_BASE_PAY', 'ANNUAL_SUMMARY_PRIMARY_COMPENSATION_BASIS', 'COMPENSATION_GRADE_ID', 'BUSINESS_TITLE', 'JOB_PROFILE_ID', 'EMPLOYEE_TYPE', 'MANAGEMENT_LEVEL_CODE', 'FTE_PERCENT', 'POSITION_END_DATE', 'POSITION_EFFECTIVE_DATE']
Unmatched columns: ['FIRST_NAME', 'POSITION_LOCATION']
Missed: []


Table: workday__job_overview
Matched columns: ['JOB_PROFILE_ID', 'JOB_PROFILE_CODE', 'JOB_TITLE', 'JOB_SUMMARY', 'JOB_DESCRIPTION', 'JOB_FAMILY_CODES', 'JOB_FAMILY_SUMMARIES', 'JOB_FAMILY_GROUP_CODES', 'JOB_FAMILY_GROUP_SUMMARIES']
Unmatched columns: []
Missed: []


Table: workday__position_overview
Matched columns: ['POSITION_ID', 'POSITION_CODE', 'JOB_POSTING_TITLE', 'EFFECTIVE_DATE', 'IS_CLOSED', 'IS_HIRING_FREEZE', 'IS_AVAILABLE_FOR_HIRE', 'AVAILABILITY_DATE', 'IS_AVAILABLE_FOR_RECRUITING', 'EARLIEST_HIRE_DATE', 'IS_AVAILABLE_FOR_OVERLAP', 'WORKER_FOR_FILLED_POSITION_ID', 'WORKER_TYPE_CODE', 'POSITION_TIME_TYPE_CODE', 'SUPERVISORY_ORGANIZATION_ID', 'JOB_PROFILE_ID']
Unmatched columns: []
Missed: []


Table: workday__organization_overview
Matched columns: ['ORGANIZATION_ID', 'ORGANIZATION_CODE', 'ORGANIZATION_NAME', 'ORGANIZATION_TYPE', 'ORGANIZATION_SUB_TYPE', 'SUPERIOR_ORGANIZATION_ID', 'TOP_LEVEL_ORGANIZATION_ID', 'MANAGER_ID']
Unmatched columns: ['ORGANIZATION_ROLE_ID', 'ORGANIZATION_ROLE_CODE']
Missed: []


Database: works_cycles
Table: products
Matched columns: ['HAS_OVER_1_PRICE_CHANGES', 'DOES_NOT_HAVE_WORK_ORDER', 'SOLD_BY_OVER_2_VENDORS']
Unmatched columns: ['PRODUCT_ID', 'PRODUCT_NAME', 'PRODUCT_NUMBER', 'NUM_REVIEWS', 'NUM_ORDERS']
Missed: []


Database: world
Table: countries
Matched columns: ['COUNTRY_CODE', 'COUNTRY_NAME', 'POPULATION', 'NUM_CITIES', 'CITY_WITH_LEAST_POPULATION', 'GNP_GROWTH_RATE']
Unmatched columns: ['CAPITAL_NAME', 'USE_MOST_WIDELY_USED_LANGUAGE_AS_OFFICIAL_LANGUAGE']
Missed: []


Database: world_development_indicators
Table: countries
Matched columns: ['COUNTRYCODE', 'REGION', 'SHORTNAME', 'NUMBER_OF_FOOTNOTES_1980', 'PERCENTAGE_INCREASE_ADOLESCENT_1960_TO_1961', 'IS_UNDER_IDA_AND_FINISH_ESTIMATE']
Unmatched columns: ['AVERAGE_ADOLESCENT_FERTILITY_RATE', 'LOWEST_VALUE_INDICATOR_HPS_1960_TO_1965']
Missed: []


Database: xero
Table: xero__invoice_line_items
Matched columns: ['_FIVETRAN_SYNCED', 'ACCOUNT_CODE', 'LINE_ITEM_DESCRIPTION', 'DISCOUNT_RATE', 'INVOICE_ID', 'LINE_AMOUNT', 'LINE_ITEM_ID', 'QUANTITY', 'TAX_AMOUNT', 'TAX_TYPE', 'UNIT_AMOUNT', 'INVOICE_DATE', 'UPDATED_DATE', 'DUE_DATE', 'FULLY_PAID_ON_DATE', 'CURRENCY_CODE', 'CURRENCY_RATE', 'INVOICE_NUMBER', 'IS_SENT_TO_CONTACT', 'INVOICE_STATUS', 'TYPE', 'INVOICE_REFERENCE', 'ACCOUNT_ID', 'ACCOUNT_NAME', 'ACCOUNT_TYPE', 'ACCOUNT_CLASS', 'CONTACT_NAME']
Unmatched columns: []
Missed: []


Table: xero__general_ledger
Matched columns: ['JOURNAL_ID', 'CREATED_DATE_UTC', 'JOURNAL_DATE', 'JOURNAL_NUMBER', 'REFERENCE', 'SOURCE_ID', 'SOURCE_TYPE', 'JOURNAL_LINE_ID', 'ACCOUNT_CODE', 'ACCOUNT_ID', 'ACCOUNT_NAME', 'ACCOUNT_TYPE', 'GROSS_AMOUNT', 'NET_AMOUNT', 'TAX_AMOUNT', 'TAX_NAME', 'TAX_TYPE', 'ACCOUNT_CLASS', 'INVOICE_ID', 'BANK_TRANSACTION_ID', 'BANK_TRANSFER_ID', 'MANUAL_JOURNAL_ID', 'PAYMENT_ID', 'CREDIT_NOTE_ID']
Unmatched columns: ['CONTACT_ID', 'CONTACT_NAME']
Missed: []


Database: youtube_analytics
Table: youtube__age_demographics_pivot
Matched columns: ['DATE_DAY', 'VIDEO_ID', 'VIDEO_TITLE', 'VIDEO_DESCRIPTION', 'VIDEO_PUBLISHED_AT', 'CHANNEL_TITLE']
Unmatched columns: ['AGE_65__VIEW_PERCENTAGE', 'AGE_13_17_VIEW_PERCENTAGE', 'AGE_18_24_VIEW_PERCENTAGE']
Missed: []


Table: youtube__video_report
Matched columns: []
Unmatched columns: ['DATE_DAY', 'VIDEO_ID', 'CHANNEL_ID', 'VIDEO_TITLE', 'VIDEO_DESCRIPTION', 'CHANNEL_TITLE', 'VIDEO_PUBLISHED_AT', 'AVERAGE_VIEW_DURATION_PERCENTAGE', 'AVERAGE_VIEW_DURATION_SECONDS', 'COMMENTS', 'DISLIKES', 'LIKES', 'SHARES', 'SUBSCRIBERS_GAINED', 'SUBSCRIBERS_LOST', 'VIEWS', 'WATCH_TIME_MINUTES', 'VIDEO_DURATION_SECONDS']
Missed: []


Table: youtube__demographics_report
Matched columns: ['DATE_DAY', 'VIDEO_ID', 'VIDEO_TITLE', 'VIDEO_DESCRIPTION', 'CHANNEL_TITLE', 'VIDEO_PUBLISHED_AT', 'AGE_GROUP', 'COUNTRY_CODE', 'GENDER', 'VIEWS_PERCENTAGE']
Unmatched columns: []
Missed: []


Database: zuora
Table: zuora__billing_history
Error: [Errno 2] No such file or directory: './agent_results/testeval/zuora/zuora__billing_history.csv'


